Name: Laurentiu Pavel

Sep  7 16:33:58 ubuntu kernel: imklog 5.8.6, log source = /proc/kmsg started.
Sep  7 16:33:58 ubuntu rsyslogd: [origin software="rsyslogd" swVersion="5.8.6" x-pid="630" x-info="http://www.rsyslog.com"] start
Sep  7 16:33:58 ubuntu rsyslogd: rsyslogd's groupid changed to 103
Sep  7 16:33:58 ubuntu rsyslogd: rsyslogd's userid changed to 101
Sep  7 16:33:58 ubuntu rsyslogd-2039: Could not open output pipe '/dev/xconsole' [try http://www.rsyslog.com/e/2039 ]
Sep  7 16:33:58 ubuntu kernel: [    0.000000]   mapped low ram: 0 - 37bfe000
Sep  7 16:33:58 ubuntu kernel: [    0.000000]   low ram: 0 - 37bfe000
Sep  7 16:33:58 ubuntu kernel: [    0.000000] BRK [0x01bd9000, 0x01bd9fff] PGTABLE
Sep  7 16:33:58 ubuntu kernel: [    0.000000] Zone ranges:
Sep  7 16:33:58 ubuntu kernel: [    0.000000]   DMA      [mem 0x00001000-0x00ffffff]
Sep  7 16:33:58 ubuntu kernel: [    0.000000]   Normal   [mem 0x01000000-0x37bfdfff]
Sep  7 16:33:58 ubuntu kernel: [    0.000000]   HighMem  [mem 0x37bfe000-0x3fffffff]
Sep  7 16:33:58 ubuntu kernel: [    0.000000] Movable zone start for each node
Sep  7 16:33:58 ubuntu kernel: [    0.000000] Early memory node ranges
Sep  7 16:33:58 ubuntu kernel: [    0.000000]   node   0: [mem 0x00001000-0x0009dfff]
Sep  7 16:33:58 ubuntu kernel: [    0.000000]   node   0: [mem 0x00100000-0x3fedffff]
Sep  7 16:33:58 ubuntu kernel: [    0.000000]   node   0: [mem 0x3ff00000-0x3fffffff]
Sep  7 16:33:58 ubuntu kernel: [    0.000000] On node 0 totalpages: 262013
Sep  7 16:33:58 ubuntu kernel: [    0.000000] free_area_init_node: node 0, pgdat c19ddcc0, node_mem_map f73fe020
Sep  7 16:33:58 ubuntu kernel: [    0.000000]   DMA zone: 32 pages used for memmap
Sep  7 16:33:58 ubuntu kernel: [    0.000000]   DMA zone: 0 pages reserved
Sep  7 16:33:58 ubuntu kernel: [    0.000000]   DMA zone: 3997 pages, LIFO batch:0
Sep  7 16:33:58 ubuntu kernel: [    0.000000]   Normal zone: 1752 pages used for memmap
Sep  7 16:33:58 ubuntu kernel: [    0.000000]   Normal zone: 224254 pages, LIFO batch:31
Sep  7 16:33:58 ubuntu kernel: [    0.000000]   HighMem zone: 265 pages used for memmap
Sep  7 16:33:58 ubuntu kernel: [    0.000000]   HighMem zone: 33762 pages, LIFO batch:7
Sep  7 16:33:58 ubuntu kernel: [    0.000000] Using APIC driver default
Sep  7 16:33:58 ubuntu kernel: [    0.000000] ACPI: PM-Timer IO Port: 0x1008
Sep  7 16:33:58 ubuntu kernel: [    0.000000] ACPI: Local APIC address 0xfee00000
Sep  7 16:33:58 ubuntu kernel: [    0.000000] ACPI: LAPIC (acpi_id[0x00] lapic_id[0x00] enabled)
Sep  7 16:33:58 ubuntu kernel: [    0.000000] ACPI: LAPIC (acpi_id[0x01] lapic_id[0x02] disabled)
Sep  7 16:33:58 ubuntu kernel: [    0.000000] ACPI: LAPIC (acpi_id[0x02] lapic_id[0x04] disabled)
Sep  7 16:33:58 ubuntu kernel: [    0.000000] ACPI: LAPIC (acpi_id[0x03] lapic_id[0x06] disabled)
Sep  7 16:33:58 ubuntu kernel: [    0.000000] ACPI: LAPIC (acpi_id[0x04] lapic_id[0x08] disabled)
Sep  7 16:33:58 ubuntu kernel: [    0.000000] ACPI: LAPIC (acpi_id[0x05] lapic_id[0x0a] disabled)
Sep  7 16:33:58 ubuntu kernel: [    0.000000] ACPI: LAPIC (acpi_id[0x06] lapic_id[0x0c] disabled)
Sep  7 16:33:58 ubuntu kernel: [    0.000000] ACPI: LAPIC (acpi_id[0x07] lapic_id[0x0e] disabled)
Sep  7 16:33:58 ubuntu kernel: [    0.000000] ACPI: LAPIC (acpi_id[0x08] lapic_id[0x10] disabled)
Sep  7 16:33:58 ubuntu kernel: [    0.000000] ACPI: LAPIC (acpi_id[0x09] lapic_id[0x12] disabled)
Sep  7 16:33:58 ubuntu kernel: [    0.000000] ACPI: LAPIC (acpi_id[0x0a] lapic_id[0x14] disabled)
Sep  7 16:33:58 ubuntu kernel: [    0.000000] ACPI: LAPIC (acpi_id[0x0b] lapic_id[0x16] disabled)
Sep  7 16:33:58 ubuntu kernel: [    0.000000] ACPI: LAPIC (acpi_id[0x0c] lapic_id[0x18] disabled)
Sep  7 16:33:58 ubuntu kernel: [    0.000000] ACPI: LAPIC (acpi_id[0x0d] lapic_id[0x1a] disabled)
Sep  7 16:33:58 ubuntu kernel: [    0.000000] ACPI: LAPIC (acpi_id[0x0e] lapic_id[0x1c] disabled)
Sep  7 16:33:58 ubuntu kernel: [    0.000000] ACPI: LAPIC (acpi_id[0x0f] lapic_id[0x1e] disabled)
Sep  7 16:33:58 ubuntu kernel: [    0.000000] ACPI: LAPIC (acpi_id[0x10] lapic_id[0x20] disabled)
Sep  7 16:33:58 ubuntu kernel: [    0.000000] ACPI: LAPIC (acpi_id[0x11] lapic_id[0x22] disabled)
Sep  7 16:33:58 ubuntu kernel: [    0.000000] ACPI: LAPIC (acpi_id[0x12] lapic_id[0x24] disabled)
Sep  7 16:33:58 ubuntu kernel: [    0.000000] ACPI: LAPIC (acpi_id[0x13] lapic_id[0x26] disabled)
Sep  7 16:33:58 ubuntu kernel: [    0.000000] ACPI: LAPIC (acpi_id[0x14] lapic_id[0x28] disabled)
Sep  7 16:33:58 ubuntu kernel: [    0.000000] ACPI: LAPIC (acpi_id[0x15] lapic_id[0x2a] disabled)
Sep  7 16:33:58 ubuntu kernel: [    0.000000] ACPI: LAPIC (acpi_id[0x16] lapic_id[0x2c] disabled)
Sep  7 16:33:58 ubuntu kernel: [    0.000000] ACPI: LAPIC (acpi_id[0x17] lapic_id[0x2e] disabled)
Sep  7 16:33:58 ubuntu kernel: [    0.000000] ACPI: LAPIC (acpi_id[0x18] lapic_id[0x30] disabled)
Sep  7 16:33:58 ubuntu kernel: [    0.000000] ACPI: LAPIC (acpi_id[0x19] lapic_id[0x32] disabled)
Sep  7 16:33:58 ubuntu kernel: [    0.000000] ACPI: LAPIC (acpi_id[0x1a] lapic_id[0x34] disabled)
Sep  7 16:33:58 ubuntu kernel: [    0.000000] ACPI: LAPIC (acpi_id[0x1b] lapic_id[0x36] disabled)
Sep  7 16:33:58 ubuntu kernel: [    0.000000] ACPI: LAPIC (acpi_id[0x1c] lapic_id[0x38] disabled)
Sep  7 16:33:58 ubuntu kernel: [    0.000000] ACPI: LAPIC (acpi_id[0x1d] lapic_id[0x3a] disabled)
Sep  7 16:33:58 ubuntu kernel: [    0.000000] ACPI: LAPIC (acpi_id[0x1e] lapic_id[0x3c] disabled)
Sep  7 16:33:58 ubuntu kernel: [    0.000000] ACPI: LAPIC (acpi_id[0x1f] lapic_id[0x3e] disabled)
Sep  7 16:33:58 ubuntu kernel: [    0.000000] ACPI: LAPIC (acpi_id[0x20] lapic_id[0x40] disabled)
Sep  7 16:33:58 ubuntu kernel: [    0.000000] ACPI: LAPIC (acpi_id[0x21] lapic_id[0x42] disabled)
Sep  7 16:33:58 ubuntu kernel: [    0.000000] ACPI: LAPIC (acpi_id[0x22] lapic_id[0x44] disabled)
Sep  7 16:33:58 ubuntu kernel: [    0.000000] ACPI: LAPIC (acpi_id[0x23] lapic_id[0x46] disabled)
Sep  7 16:33:58 ubuntu kernel: [    0.000000] ACPI: LAPIC (acpi_id[0x24] lapic_id[0x48] disabled)
Sep  7 16:33:58 ubuntu kernel: [    0.000000] ACPI: LAPIC (acpi_id[0x25] lapic_id[0x4a] disabled)
Sep  7 16:33:58 ubuntu kernel: [    0.000000] ACPI: LAPIC (acpi_id[0x26] lapic_id[0x4c] disabled)
Sep  7 16:33:58 ubuntu kernel: [    0.000000] ACPI: LAPIC (acpi_id[0x27] lapic_id[0x4e] disabled)
Sep  7 16:33:58 ubuntu kernel: [    0.000000] ACPI: LAPIC (acpi_id[0x28] lapic_id[0x50] disabled)
Sep  7 16:33:58 ubuntu kernel: [    0.000000] ACPI: LAPIC (acpi_id[0x29] lapic_id[0x52] disabled)
Sep  7 16:33:58 ubuntu kernel: [    0.000000] ACPI: LAPIC (acpi_id[0x2a] lapic_id[0x54] disabled)
Sep  7 16:33:58 ubuntu kernel: [    0.000000] ACPI: LAPIC (acpi_id[0x2b] lapic_id[0x56] disabled)
Sep  7 16:33:58 ubuntu kernel: [    0.000000] ACPI: LAPIC (acpi_id[0x2c] lapic_id[0x58] disabled)
Sep  7 16:33:58 ubuntu kernel: [    0.000000] ACPI: LAPIC (acpi_id[0x2d] lapic_id[0x5a] disabled)
Sep  7 16:33:58 ubuntu kernel: [    0.000000] ACPI: LAPIC (acpi_id[0x2e] lapic_id[0x5c] disabled)
Sep  7 16:33:58 ubuntu kernel: [    0.000000] ACPI: LAPIC (acpi_id[0x2f] lapic_id[0x5e] disabled)
Sep  7 16:33:58 ubuntu kernel: [    0.000000] ACPI: LAPIC (acpi_id[0x30] lapic_id[0x60] disabled)
Sep  7 16:33:58 ubuntu kernel: [    0.000000] ACPI: LAPIC (acpi_id[0x31] lapic_id[0x62] disabled)
Sep  7 16:33:58 ubuntu kernel: [    0.000000] ACPI: LAPIC (acpi_id[0x32] lapic_id[0x64] disabled)
Sep  7 16:33:58 ubuntu kernel: [    0.000000] ACPI: LAPIC (acpi_id[0x33] lapic_id[0x66] disabled)
Sep  7 16:33:58 ubuntu kernel: [    0.000000] ACPI: LAPIC (acpi_id[0x34] lapic_id[0x68] disabled)
Sep  7 16:33:58 ubuntu kernel: [    0.000000] ACPI: LAPIC (acpi_id[0x35] lapic_id[0x6a] disabled)
Sep  7 16:33:58 ubuntu kernel: [    0.000000] ACPI: LAPIC (acpi_id[0x36] lapic_id[0x6c] disabled)
Sep  7 16:33:58 ubuntu kernel: [    0.000000] ACPI: LAPIC (acpi_id[0x37] lapic_id[0x6e] disabled)
Sep  7 16:33:58 ubuntu kernel: [    0.000000] ACPI: LAPIC (acpi_id[0x38] lapic_id[0x70] disabled)
Sep  7 16:33:58 ubuntu kernel: [    0.000000] ACPI: LAPIC (acpi_id[0x39] lapic_id[0x72] disabled)
Sep  7 16:33:58 ubuntu kernel: [    0.000000] ACPI: LAPIC (acpi_id[0x3a] lapic_id[0x74] disabled)
Sep  7 16:33:58 ubuntu kernel: [    0.000000] ACPI: LAPIC (acpi_id[0x3b] lapic_id[0x76] disabled)
Sep  7 16:33:58 ubuntu kernel: [    0.000000] ACPI: LAPIC (acpi_id[0x3c] lapic_id[0x78] disabled)
Sep  7 16:33:58 ubuntu kernel: [    0.000000] ACPI: LAPIC (acpi_id[0x3d] lapic_id[0x7a] disabled)
Sep  7 16:33:58 ubuntu kernel: [    0.000000] ACPI: LAPIC (acpi_id[0x3e] lapic_id[0x7c] disabled)
Sep  7 16:33:58 ubuntu kernel: [    0.000000] ACPI: LAPIC (acpi_id[0x3f] lapic_id[0x7e] disabled)
Sep  7 16:33:58 ubuntu kernel: [    0.000000] ACPI: LAPIC_NMI (acpi_id[0x00] high edge lint[0x1])
Sep  7 16:33:58 ubuntu kernel: [    0.000000] ACPI: LAPIC_NMI (acpi_id[0x01] high edge lint[0x1])
Sep  7 16:33:58 ubuntu kernel: [    0.000000] ACPI: LAPIC_NMI (acpi_id[0x02] high edge lint[0x1])
Sep  7 16:33:58 ubuntu kernel: [    0.000000] ACPI: LAPIC_NMI (acpi_id[0x03] high edge lint[0x1])
Sep  7 16:33:58 ubuntu kernel: [    0.000000] ACPI: LAPIC_NMI (acpi_id[0x04] high edge lint[0x1])
Sep  7 16:33:58 ubuntu kernel: [    0.000000] ACPI: LAPIC_NMI (acpi_id[0x05] high edge lint[0x1])
Sep  7 16:33:58 ubuntu kernel: [    0.000000] ACPI: LAPIC_NMI (acpi_id[0x06] high edge lint[0x1])
Sep  7 16:33:58 ubuntu kernel: [    0.000000] ACPI: LAPIC_NMI (acpi_id[0x07] high edge lint[0x1])
Sep  7 16:33:58 ubuntu kernel: [    0.000000] ACPI: LAPIC_NMI (acpi_id[0x08] high edge lint[0x1])
Sep  7 16:33:58 ubuntu kernel: [    0.000000] ACPI: LAPIC_NMI (acpi_id[0x09] high edge lint[0x1])
Sep  7 16:33:58 ubuntu kernel: [    0.000000] ACPI: LAPIC_NMI (acpi_id[0x0a] high edge lint[0x1])
Sep  7 16:33:58 ubuntu kernel: [    0.000000] ACPI: LAPIC_NMI (acpi_id[0x0b] high edge lint[0x1])
Sep  7 16:33:58 ubuntu kernel: [    0.000000] ACPI: LAPIC_NMI (acpi_id[0x0c] high edge lint[0x1])
Sep  7 16:33:58 ubuntu kernel: [    0.000000] ACPI: LAPIC_NMI (acpi_id[0x0d] high edge lint[0x1])
Sep  7 16:33:58 ubuntu kernel: [    0.000000] ACPI: LAPIC_NMI (acpi_id[0x0e] high edge lint[0x1])
Sep  7 16:33:58 ubuntu kernel: [    0.000000] ACPI: LAPIC_NMI (acpi_id[0x0f] high edge lint[0x1])
Sep  7 16:33:58 ubuntu kernel: [    0.000000] ACPI: LAPIC_NMI (acpi_id[0x10] high edge lint[0x1])
Sep  7 16:33:58 ubuntu kernel: [    0.000000] ACPI: LAPIC_NMI (acpi_id[0x11] high edge lint[0x1])
Sep  7 16:33:58 ubuntu kernel: [    0.000000] ACPI: LAPIC_NMI (acpi_id[0x12] high edge lint[0x1])
Sep  7 16:33:58 ubuntu kernel: [    0.000000] ACPI: LAPIC_NMI (acpi_id[0x13] high edge lint[0x1])
Sep  7 16:33:58 ubuntu kernel: [    0.000000] ACPI: LAPIC_NMI (acpi_id[0x14] high edge lint[0x1])
Sep  7 16:33:58 ubuntu kernel: [    0.000000] ACPI: LAPIC_NMI (acpi_id[0x15] high edge lint[0x1])
Sep  7 16:33:58 ubuntu kernel: [    0.000000] ACPI: LAPIC_NMI (acpi_id[0x16] high edge lint[0x1])
Sep  7 16:33:58 ubuntu kernel: [    0.000000] ACPI: LAPIC_NMI (acpi_id[0x17] high edge lint[0x1])
Sep  7 16:33:58 ubuntu kernel: [    0.000000] ACPI: LAPIC_NMI (acpi_id[0x18] high edge lint[0x1])
Sep  7 16:33:58 ubuntu kernel: [    0.000000] ACPI: LAPIC_NMI (acpi_id[0x19] high edge lint[0x1])
Sep  7 16:33:58 ubuntu kernel: [    0.000000] ACPI: LAPIC_NMI (acpi_id[0x1a] high edge lint[0x1])
Sep  7 16:33:58 ubuntu kernel: [    0.000000] ACPI: LAPIC_NMI (acpi_id[0x1b] high edge lint[0x1])
Sep  7 16:33:58 ubuntu kernel: [    0.000000] ACPI: LAPIC_NMI (acpi_id[0x1c] high edge lint[0x1])
Sep  7 16:33:58 ubuntu kernel: [    0.000000] ACPI: LAPIC_NMI (acpi_id[0x1d] high edge lint[0x1])
Sep  7 16:33:58 ubuntu kernel: [    0.000000] ACPI: LAPIC_NMI (acpi_id[0x1e] high edge lint[0x1])
Sep  7 16:33:58 ubuntu kernel: [    0.000000] ACPI: LAPIC_NMI (acpi_id[0x1f] high edge lint[0x1])
Sep  7 16:33:58 ubuntu kernel: [    0.000000] ACPI: LAPIC_NMI (acpi_id[0x20] high edge lint[0x1])
Sep  7 16:33:58 ubuntu kernel: [    0.000000] ACPI: LAPIC_NMI (acpi_id[0x21] high edge lint[0x1])
Sep  7 16:33:58 ubuntu kernel: [    0.000000] ACPI: LAPIC_NMI (acpi_id[0x22] high edge lint[0x1])
Sep  7 16:33:58 ubuntu kernel: [    0.000000] ACPI: LAPIC_NMI (acpi_id[0x23] high edge lint[0x1])
Sep  7 16:33:58 ubuntu kernel: [    0.000000] ACPI: LAPIC_NMI (acpi_id[0x24] high edge lint[0x1])
Sep  7 16:33:58 ubuntu kernel: [    0.000000] ACPI: LAPIC_NMI (acpi_id[0x25] high edge lint[0x1])
Sep  7 16:33:58 ubuntu kernel: [    0.000000] ACPI: LAPIC_NMI (acpi_id[0x26] high edge lint[0x1])
Sep  7 16:33:58 ubuntu kernel: [    0.000000] ACPI: LAPIC_NMI (acpi_id[0x27] high edge lint[0x1])
Sep  7 16:33:58 ubuntu kernel: [    0.000000] ACPI: LAPIC_NMI (acpi_id[0x28] high edge lint[0x1])
Sep  7 16:33:58 ubuntu kernel: [    0.000000] ACPI: LAPIC_NMI (acpi_id[0x29] high edge lint[0x1])
Sep  7 16:33:58 ubuntu kernel: [    0.000000] ACPI: LAPIC_NMI (acpi_id[0x2a] high edge lint[0x1])
Sep  7 16:33:58 ubuntu kernel: [    0.000000] ACPI: LAPIC_NMI (acpi_id[0x2b] high edge lint[0x1])
Sep  7 16:33:58 ubuntu kernel: [    0.000000] ACPI: LAPIC_NMI (acpi_id[0x2c] high edge lint[0x1])
Sep  7 16:33:58 ubuntu kernel: [    0.000000] ACPI: LAPIC_NMI (acpi_id[0x2d] high edge lint[0x1])
Sep  7 16:33:58 ubuntu kernel: [    0.000000] ACPI: LAPIC_NMI (acpi_id[0x2e] high edge lint[0x1])
Sep  7 16:33:58 ubuntu kernel: [    0.000000] ACPI: LAPIC_NMI (acpi_id[0x2f] high edge lint[0x1])
Sep  7 16:33:58 ubuntu kernel: [    0.000000] ACPI: LAPIC_NMI (acpi_id[0x30] high edge lint[0x1])
Sep  7 16:33:58 ubuntu kernel: [    0.000000] ACPI: LAPIC_NMI (acpi_id[0x31] high edge lint[0x1])
Sep  7 16:33:58 ubuntu kernel: [    0.000000] ACPI: LAPIC_NMI (acpi_id[0x32] high edge lint[0x1])
Sep  7 16:33:58 ubuntu kernel: [    0.000000] ACPI: LAPIC_NMI (acpi_id[0x33] high edge lint[0x1])
Sep  7 16:33:58 ubuntu kernel: [    0.000000] ACPI: LAPIC_NMI (acpi_id[0x34] high edge lint[0x1])
Sep  7 16:33:58 ubuntu kernel: [    0.000000] ACPI: LAPIC_NMI (acpi_id[0x35] high edge lint[0x1])
Sep  7 16:33:58 ubuntu kernel: [    0.000000] ACPI: LAPIC_NMI (acpi_id[0x36] high edge lint[0x1])
Sep  7 16:33:58 ubuntu kernel: [    0.000000] ACPI: LAPIC_NMI (acpi_id[0x37] high edge lint[0x1])
Sep  7 16:33:58 ubuntu kernel: [    0.000000] ACPI: LAPIC_NMI (acpi_id[0x38] high edge lint[0x1])
Sep  7 16:33:58 ubuntu kernel: [    0.000000] ACPI: LAPIC_NMI (acpi_id[0x39] high edge lint[0x1])
Sep  7 16:33:58 ubuntu kernel: [    0.000000] ACPI: LAPIC_NMI (acpi_id[0x3a] high edge lint[0x1])
Sep  7 16:33:58 ubuntu kernel: [    0.000000] ACPI: LAPIC_NMI (acpi_id[0x3b] high edge lint[0x1])
Sep  7 16:33:58 ubuntu kernel: [    0.000000] ACPI: LAPIC_NMI (acpi_id[0x3c] high edge lint[0x1])
Sep  7 16:33:58 ubuntu kernel: [    0.000000] ACPI: LAPIC_NMI (acpi_id[0x3d] high edge lint[0x1])
Sep  7 16:33:58 ubuntu kernel: [    0.000000] ACPI: LAPIC_NMI (acpi_id[0x3e] high edge lint[0x1])
Sep  7 16:33:58 ubuntu kernel: [    0.000000] ACPI: LAPIC_NMI (acpi_id[0x3f] high edge lint[0x1])
Sep  7 16:33:58 ubuntu kernel: [    0.000000] ACPI: IOAPIC (id[0x01] address[0xfec00000] gsi_base[0])
Sep  7 16:33:58 ubuntu kernel: [    0.000000] IOAPIC[0]: apic_id 1, version 17, address 0xfec00000, GSI 0-23
Sep  7 16:33:58 ubuntu kernel: [    0.000000] ACPI: INT_SRC_OVR (bus 0 bus_irq 0 global_irq 2 high edge)
Sep  7 16:33:58 ubuntu kernel: [    0.000000] ACPI: IRQ0 used by override.
Sep  7 16:33:58 ubuntu kernel: [    0.000000] ACPI: IRQ2 used by override.
Sep  7 16:33:58 ubuntu kernel: [    0.000000] ACPI: IRQ9 used by override.
Sep  7 16:33:58 ubuntu kernel: [    0.000000] Using ACPI (MADT) for SMP configuration information
Sep  7 16:33:58 ubuntu kernel: [    0.000000] ACPI: HPET id: 0x8086af01 base: 0xfed00000
Sep  7 16:33:58 ubuntu kernel: [    0.000000] smpboot: 64 Processors exceeds NR_CPUS limit of 8
Sep  7 16:33:58 ubuntu kernel: [    0.000000] smpboot: Allowing 8 CPUs, 7 hotplug CPUs
Sep  7 16:33:58 ubuntu kernel: [    0.000000] nr_irqs_gsi: 40
Sep  7 16:33:58 ubuntu kernel: [    0.000000] PM: Registered nosave memory: [mem 0x0009e000-0x0009efff]
Sep  7 16:33:58 ubuntu kernel: [    0.000000] PM: Registered nosave memory: [mem 0x0009f000-0x0009ffff]
Sep  7 16:33:58 ubuntu kernel: [    0.000000] PM: Registered nosave memory: [mem 0x000a0000-0x000dbfff]
Sep  7 16:33:58 ubuntu kernel: [    0.000000] PM: Registered nosave memory: [mem 0x000dc000-0x000fffff]
Sep  7 16:33:58 ubuntu kernel: [    0.000000] e820: [mem 0x40000000-0xefffffff] available for PCI devices
Sep  7 16:33:58 ubuntu kernel: [    0.000000] Booting paravirtualized kernel on bare hardware
Sep  7 16:33:58 ubuntu kernel: [    0.000000] setup_percpu: NR_CPUS:8 nr_cpumask_bits:8 nr_cpu_ids:8 nr_node_ids:1
Sep  7 16:33:58 ubuntu kernel: [    0.000000] PERCPU: Embedded 14 pages/cpu @f7387000 s35840 r0 d21504 u57344
Sep  7 16:33:58 ubuntu kernel: [    0.000000] pcpu-alloc: s35840 r0 d21504 u57344 alloc=14*4096
Sep  7 16:33:58 ubuntu kernel: [    0.000000] pcpu-alloc: [0] 0 [0] 1 [0] 2 [0] 3 [0] 4 [0] 5 [0] 6 [0] 7 
Sep  7 16:33:58 ubuntu kernel: [    0.000000] Built 1 zonelists in Zone order, mobility grouping on.  Total pages: 260229
Sep  7 16:33:58 ubuntu kernel: [    0.000000] Kernel command line: BOOT_IMAGE=/boot/vmlinuz-3.13.0-32-generic root=UUID=cc745510-5eb2-4ed4-b2ac-66090416c0f9 ro quiet splash
Sep  7 16:33:58 ubuntu kernel: [    0.000000] PID hash table entries: 4096 (order: 2, 16384 bytes)
Sep  7 16:33:58 ubuntu kernel: [    0.000000] Dentry cache hash table entries: 131072 (order: 7, 524288 bytes)
Sep  7 16:33:58 ubuntu kernel: [    0.000000] Inode-cache hash table entries: 65536 (order: 6, 262144 bytes)
Sep  7 16:33:58 ubuntu kernel: [    0.000000] Initializing CPU#0
Sep  7 16:33:58 ubuntu kernel: [    0.000000] xsave: enabled xstate_bv 0x7, cntxt size 0x340
Sep  7 16:33:58 ubuntu kernel: [    0.000000] allocated 2097144 bytes of page_cgroup
Sep  7 16:33:58 ubuntu kernel: [    0.000000] please try 'cgroup_disable=memory' option if you don't want memory cgroups
Sep  7 16:33:58 ubuntu kernel: [    0.000000] Initializing HighMem for node 0 (00037bfe:00040000)
Sep  7 16:33:58 ubuntu kernel: [    0.000000] Memory: 1006248K/1048052K available (6735K kernel code, 642K rwdata, 2832K rodata, 880K init, 924K bss, 41804K reserved, 135048K highmem)
Sep  7 16:33:58 ubuntu kernel: [    0.000000] virtual kernel memory layout:
Sep  7 16:33:58 ubuntu kernel: [    0.000000]     fixmap  : 0xfff14000 - 0xfffff000   ( 940 kB)
Sep  7 16:33:58 ubuntu kernel: [    0.000000]     pkmap   : 0xffc00000 - 0xffe00000   (2048 kB)
Sep  7 16:33:58 ubuntu kernel: [    0.000000]     vmalloc : 0xf83fe000 - 0xffbfe000   ( 120 MB)
Sep  7 16:33:58 ubuntu kernel: [    0.000000]     lowmem  : 0xc0000000 - 0xf7bfe000   ( 891 MB)
Sep  7 16:33:58 ubuntu kernel: [    0.000000]       .init : 0xc19fb000 - 0xc1ad7000   ( 880 kB)
Sep  7 16:33:58 ubuntu kernel: [    0.000000]       .data : 0xc16940f3 - 0xc19fa8c0   (3481 kB)
Sep  7 16:33:58 ubuntu kernel: [    0.000000]       .text : 0xc1000000 - 0xc16940f3   (6736 kB)
Sep  7 16:33:58 ubuntu kernel: [    0.000000] Checking if this processor honours the WP bit even in supervisor mode...Ok.
Sep  7 16:33:58 ubuntu kernel: [    0.000000] SLUB: HWalign=64, Order=0-3, MinObjects=0, CPUs=8, Nodes=1
Sep  7 16:33:58 ubuntu kernel: [    0.000000] Hierarchical RCU implementation.
Sep  7 16:33:58 ubuntu kernel: [    0.000000] 	RCU dyntick-idle grace-period acceleration is enabled.
Sep  7 16:33:58 ubuntu kernel: [    0.000000] NR_IRQS:2304 nr_irqs:744 16
Sep  7 16:33:58 ubuntu kernel: [    0.000000] CPU 0 irqstacks, hard=f580a000 soft=f580c000
Sep  7 16:33:58 ubuntu kernel: [    0.000000] Console: colour VGA+ 80x25
Sep  7 16:33:58 ubuntu kernel: [    0.000000] console [tty0] enabled
Sep  7 16:33:58 ubuntu kernel: [    0.000000] hpet clockevent registered
Sep  7 16:33:58 ubuntu kernel: [    0.012000] TSC freq read from hypervisor : 2494.275 MHz
Sep  7 16:33:58 ubuntu kernel: [    0.012000] tsc: Detected 2494.275 MHz processor
Sep  7 16:33:58 ubuntu kernel: [    0.003796] Calibrating delay loop (skipped) preset value.. 4988.55 BogoMIPS (lpj=9977100)
Sep  7 16:33:58 ubuntu kernel: [    0.004002] pid_max: default: 32768 minimum: 301
Sep  7 16:33:58 ubuntu kernel: [    0.015417] Security Framework initialized
Sep  7 16:33:58 ubuntu kernel: [    0.019846] AppArmor: AppArmor initialized
Sep  7 16:33:58 ubuntu kernel: [    0.019874] Yama: becoming mindful.
Sep  7 16:33:58 ubuntu kernel: [    0.027447] Mount-cache hash table entries: 2048 (order: 1, 8192 bytes)
Sep  7 16:33:58 ubuntu kernel: [    0.027467] Mountpoint-cache hash table entries: 2048 (order: 1, 8192 bytes)
Sep  7 16:33:58 ubuntu kernel: [    0.047528] Initializing cgroup subsys memory
Sep  7 16:33:58 ubuntu kernel: [    0.047792] Initializing cgroup subsys devices
Sep  7 16:33:58 ubuntu kernel: [    0.047868] Initializing cgroup subsys freezer
Sep  7 16:33:58 ubuntu kernel: [    0.047968] Initializing cgroup subsys blkio
Sep  7 16:33:58 ubuntu kernel: [    0.047997] Initializing cgroup subsys perf_event
Sep  7 16:33:58 ubuntu kernel: [    0.048090] Initializing cgroup subsys hugetlb
Sep  7 16:33:58 ubuntu kernel: [    0.051717] Disabled fast string operations
Sep  7 16:33:58 ubuntu kernel: [    0.051997] CPU: Physical Processor ID: 0
Sep  7 16:33:58 ubuntu kernel: [    0.055299] ENERGY_PERF_BIAS: Set to 'normal', was 'performance'
Sep  7 16:33:58 ubuntu kernel: [    0.055299] ENERGY_PERF_BIAS: View and update with x86_energy_perf_policy(8)
Sep  7 16:33:58 ubuntu kernel: [    0.055655] mce: CPU supports 0 MCE banks
Sep  7 16:33:58 ubuntu kernel: [    0.059724] Last level iTLB entries: 4KB 512, 2MB 0, 4MB 0
Sep  7 16:33:58 ubuntu kernel: [    0.059724] Last level dTLB entries: 4KB 512, 2MB 32, 4MB 32
Sep  7 16:33:58 ubuntu kernel: [    0.059724] tlb_flushall_shift: 5
Sep  7 16:33:58 ubuntu kernel: [    0.532361] ACPI: Core revision 20131115
Sep  7 16:33:58 ubuntu kernel: [    0.624440] ACPI: All ACPI Tables successfully acquired
Sep  7 16:33:58 ubuntu kernel: [    0.640622] ftrace: allocating 30794 entries in 61 pages
Sep  7 16:33:58 ubuntu kernel: [    0.788701] Enabling APIC mode:  Flat.  Using 1 I/O APICs
Sep  7 16:33:58 ubuntu kernel: [    0.800664] ..TIMER: vector=0x30 apic1=0 pin1=2 apic2=-1 pin2=-1
Sep  7 16:33:58 ubuntu kernel: [    0.884106] smpboot: CPU0: Intel(R) Core(TM) i5-2450M CPU @ 2.50GHz (fam: 06, model: 2a, stepping: 07)
Sep  7 16:33:58 ubuntu kernel: [    0.994060] Performance Events: 16-deep LBR, SandyBridge events, core PMU driver.
Sep  7 16:33:58 ubuntu kernel: [    0.994567] perf_event_intel: PEBS disabled due to CPU errata, please upgrade microcode
Sep  7 16:33:58 ubuntu kernel: [    0.994623] perf_event_intel: CPUID marked event: 'cpu cycles' unavailable
Sep  7 16:33:58 ubuntu kernel: [    0.994636] perf_event_intel: CPUID marked event: 'instructions' unavailable
Sep  7 16:33:58 ubuntu kernel: [    0.994638] perf_event_intel: CPUID marked event: 'bus cycles' unavailable
Sep  7 16:33:58 ubuntu kernel: [    0.994639] perf_event_intel: CPUID marked event: 'cache references' unavailable
Sep  7 16:33:58 ubuntu kernel: [    0.994640] perf_event_intel: CPUID marked event: 'cache misses' unavailable
Sep  7 16:33:58 ubuntu kernel: [    0.994642] perf_event_intel: CPUID marked event: 'branch instructions' unavailable
Sep  7 16:33:58 ubuntu kernel: [    0.994643] perf_event_intel: CPUID marked event: 'branch misses' unavailable
Sep  7 16:33:58 ubuntu kernel: [    0.994919] ... version:                1
Sep  7 16:33:58 ubuntu kernel: [    0.994932] ... bit width:              48
Sep  7 16:33:58 ubuntu kernel: [    0.994942] ... generic registers:      4
Sep  7 16:33:58 ubuntu kernel: [    0.994961] ... value mask:             0000ffffffffffff
Sep  7 16:33:58 ubuntu kernel: [    0.994973] ... max period:             000000007fffffff
Sep  7 16:33:58 ubuntu kernel: [    0.994983] ... fixed-purpose events:   0
Sep  7 16:33:58 ubuntu kernel: [    0.994994] ... event mask:             000000000000000f
Sep  7 16:33:58 ubuntu kernel: [    1.007127] x86: Booted up 1 node, 1 CPUs
Sep  7 16:33:58 ubuntu kernel: [    1.007213] smpboot: Total of 1 processors activated (4988.55 BogoMIPS)
Sep  7 16:33:58 ubuntu kernel: [    1.008414] x86 PAT enabled: cpu 0, old 0x0, new 0x7010600070106
Sep  7 16:33:58 ubuntu kernel: [    1.047324] NMI watchdog: disabled (cpu0): hardware events not enabled
Sep  7 16:33:58 ubuntu kernel: [    1.056262] devtmpfs: initialized
Sep  7 16:33:58 ubuntu kernel: [    1.093479] EVM: security.selinux
Sep  7 16:33:58 ubuntu kernel: [    1.093486] EVM: security.SMACK64
Sep  7 16:33:58 ubuntu kernel: [    1.093488] EVM: security.ima
Sep  7 16:33:58 ubuntu kernel: [    1.093489] EVM: security.capability
Sep  7 16:33:58 ubuntu kernel: [    1.094299] PM: Registering ACPI NVS region [mem 0x3feff000-0x3fefffff] (4096 bytes)
Sep  7 16:33:58 ubuntu kernel: [    1.097330] pinctrl core: initialized pinctrl subsystem
Sep  7 16:33:58 ubuntu kernel: [    1.102411] regulator-dummy: no parameters
Sep  7 16:33:58 ubuntu kernel: [    1.156471] RTC time: 23:33:55, date: 09/07/14
Sep  7 16:33:58 ubuntu kernel: [    1.157956] NET: Registered protocol family 16
Sep  7 16:33:58 ubuntu kernel: [    1.193325] EISA bus registered
Sep  7 16:33:58 ubuntu kernel: [    1.193430] cpuidle: using governor ladder
Sep  7 16:33:58 ubuntu kernel: [    1.193512] cpuidle: using governor menu
Sep  7 16:33:58 ubuntu kernel: [    1.194146] ACPI: bus type PCI registered
Sep  7 16:33:58 ubuntu kernel: [    1.194212] acpiphp: ACPI Hot Plug PCI Controller Driver version: 0.5
Sep  7 16:33:58 ubuntu kernel: [    1.196258] PCI: MMCONFIG for domain 0000 [bus 00-7f] at [mem 0xf0000000-0xf7ffffff] (base 0xf0000000)
Sep  7 16:33:58 ubuntu kernel: [    1.196387] PCI: MMCONFIG at [mem 0xf0000000-0xf7ffffff] reserved in E820
Sep  7 16:33:58 ubuntu kernel: [    1.196435] PCI: Using MMCONFIG for extended config space
Sep  7 16:33:58 ubuntu kernel: [    1.196482] PCI: Using configuration type 1 for base access
Sep  7 16:33:58 ubuntu kernel: [    1.200102] bio: create slab <bio-0> at 0
Sep  7 16:33:58 ubuntu kernel: [    1.202611] ACPI: Added _OSI(Module Device)
Sep  7 16:33:58 ubuntu kernel: [    1.202626] ACPI: Added _OSI(Processor Device)
Sep  7 16:33:58 ubuntu kernel: [    1.202628] ACPI: Added _OSI(3.0 _SCP Extensions)
Sep  7 16:33:58 ubuntu kernel: [    1.202630] ACPI: Added _OSI(Processor Aggregator Device)
Sep  7 16:33:58 ubuntu kernel: [    1.297483] [Firmware Bug]: ACPI: BIOS _OSI(Linux) query ignored
Sep  7 16:33:58 ubuntu kernel: [    1.349752] ACPI: Interpreter enabled
Sep  7 16:33:58 ubuntu kernel: [    1.350022] ACPI Exception: AE_NOT_FOUND, While evaluating Sleep State [\_S2_] (20131115/hwxface-580)
Sep  7 16:33:58 ubuntu kernel: [    1.350065] ACPI Exception: AE_NOT_FOUND, While evaluating Sleep State [\_S3_] (20131115/hwxface-580)
Sep  7 16:33:58 ubuntu kernel: [    1.350254] ACPI: (supports S0 S1 S4 S5)
Sep  7 16:33:58 ubuntu kernel: [    1.350299] ACPI: Using IOAPIC for interrupt routing
Sep  7 16:33:58 ubuntu kernel: [    1.350630] PCI: Using host bridge windows from ACPI; if necessary, use "pci=nocrs" and report a bug
Sep  7 16:33:58 ubuntu kernel: [    1.409188] ACPI: No dock devices found.
Sep  7 16:33:58 ubuntu kernel: [    1.549686] ACPI: PCI Root Bridge [PCI0] (domain 0000 [bus 00-7f])
Sep  7 16:33:58 ubuntu kernel: [    1.550048] acpi PNP0A03:00: _OSC: OS supports [ExtendedConfig ASPM ClockPM Segments MSI]
Sep  7 16:33:58 ubuntu kernel: [    1.550868] acpi PNP0A03:00: _OSC: platform does not support [AER]
Sep  7 16:33:58 ubuntu kernel: [    1.551175] acpi PNP0A03:00: _OSC: OS now controls [PCIeHotplug PME PCIeCapability]
Sep  7 16:33:58 ubuntu kernel: [    1.556948] PCI host bridge to bus 0000:00
Sep  7 16:33:58 ubuntu kernel: [    1.557113] pci_bus 0000:00: root bus resource [bus 00-7f]
Sep  7 16:33:58 ubuntu kernel: [    1.557181] pci_bus 0000:00: root bus resource [mem 0x000a0000-0x000bffff]
Sep  7 16:33:58 ubuntu kernel: [    1.557185] pci_bus 0000:00: root bus resource [mem 0x000d0000-0x000d3fff]
Sep  7 16:33:58 ubuntu kernel: [    1.557187] pci_bus 0000:00: root bus resource [mem 0x000d4000-0x000d7fff]
Sep  7 16:33:58 ubuntu kernel: [    1.557189] pci_bus 0000:00: root bus resource [mem 0x000d8000-0x000dbfff]
Sep  7 16:33:58 ubuntu kernel: [    1.557192] pci_bus 0000:00: root bus resource [mem 0xc0000000-0xfebfffff]
Sep  7 16:33:58 ubuntu kernel: [    1.557209] pci_bus 0000:00: root bus resource [io  0x0000-0x0cf7]
Sep  7 16:33:58 ubuntu kernel: [    1.557212] pci_bus 0000:00: root bus resource [io  0x0d00-0xfeff]
Sep  7 16:33:58 ubuntu kernel: [    1.557772] pci 0000:00:00.0: [8086:7190] type 00 class 0x060000
Sep  7 16:33:58 ubuntu kernel: [    1.593398] pci 0000:00:01.0: [8086:7191] type 01 class 0x060400
Sep  7 16:33:58 ubuntu kernel: [    1.594220] pci 0000:00:07.0: [8086:7110] type 00 class 0x060100
Sep  7 16:33:58 ubuntu kernel: [    1.594855] pci 0000:00:07.1: [8086:7111] type 00 class 0x01018a
Sep  7 16:33:58 ubuntu kernel: [    1.597347] pci 0000:00:07.1: reg 0x20: [io  0x1060-0x106f]
Sep  7 16:33:58 ubuntu kernel: [    1.598568] pci 0000:00:07.3: [8086:7113] type 00 class 0x068000
Sep  7 16:33:58 ubuntu kernel: [    1.601560] pci 0000:00:07.3: quirk: [io  0x1000-0x103f] claimed by PIIX4 ACPI
Sep  7 16:33:58 ubuntu kernel: [    1.601591] pci 0000:00:07.3: quirk: [io  0x1040-0x104f] claimed by PIIX4 SMB
Sep  7 16:33:58 ubuntu kernel: [    1.602083] pci 0000:00:07.7: [15ad:0740] type 00 class 0x088000
Sep  7 16:33:58 ubuntu kernel: [    1.602897] pci 0000:00:07.7: reg 0x10: [io  0x1080-0x10bf]
Sep  7 16:33:58 ubuntu kernel: [    1.603759] pci 0000:00:07.7: reg 0x14: [mem 0xfebfe000-0xfebfffff 64bit]
Sep  7 16:33:58 ubuntu kernel: [    1.608142] pci 0000:00:0f.0: [15ad:0405] type 00 class 0x030000
Sep  7 16:33:58 ubuntu kernel: [    1.646203] pci 0000:00:0f.0: reg 0x10: [io  0x1070-0x107f]
Sep  7 16:33:58 ubuntu kernel: [    1.650187] pci 0000:00:0f.0: reg 0x14: [mem 0xe8000000-0xefffffff pref]
Sep  7 16:33:58 ubuntu kernel: [    1.653435] pci 0000:00:0f.0: reg 0x18: [mem 0xfe000000-0xfe7fffff]
Sep  7 16:33:58 ubuntu kernel: [    1.701773] pci 0000:00:0f.0: reg 0x30: [mem 0x00000000-0x00007fff pref]
Sep  7 16:33:58 ubuntu kernel: [    1.702218] pci 0000:00:10.0: [1000:0030] type 00 class 0x010000
Sep  7 16:33:58 ubuntu kernel: [    1.702981] pci 0000:00:10.0: reg 0x10: [io  0x1400-0x14ff]
Sep  7 16:33:58 ubuntu kernel: [    1.703730] pci 0000:00:10.0: reg 0x14: [mem 0xfeba0000-0xfebbffff 64bit]
Sep  7 16:33:58 ubuntu kernel: [    1.704570] pci 0000:00:10.0: reg 0x1c: [mem 0xfebc0000-0xfebdffff 64bit]
Sep  7 16:33:58 ubuntu kernel: [    1.706596] pci 0000:00:10.0: reg 0x30: [mem 0x00000000-0x00003fff pref]
Sep  7 16:33:58 ubuntu kernel: [    1.706977] pci 0000:00:11.0: [15ad:0790] type 01 class 0x060401
Sep  7 16:33:58 ubuntu kernel: [    1.707830] pci 0000:00:11.0: System wakeup disabled by ACPI
Sep  7 16:33:58 ubuntu kernel: [    1.708083] pci 0000:00:15.0: [15ad:07a0] type 01 class 0x060400
Sep  7 16:33:58 ubuntu kernel: [    1.708893] pci 0000:00:15.0: PME# supported from D0 D3hot D3cold
Sep  7 16:33:58 ubuntu kernel: [    1.709359] pci 0000:00:15.0: System wakeup disabled by ACPI
Sep  7 16:33:58 ubuntu kernel: [    1.709520] pci 0000:00:15.1: [15ad:07a0] type 01 class 0x060400
Sep  7 16:33:58 ubuntu kernel: [    1.743484] pci 0000:00:15.1: PME# supported from D0 D3hot D3cold
Sep  7 16:33:58 ubuntu kernel: [    1.743725] pci 0000:00:15.1: System wakeup disabled by ACPI
Sep  7 16:33:58 ubuntu kernel: [    1.743850] pci 0000:00:15.2: [15ad:07a0] type 01 class 0x060400
Sep  7 16:33:58 ubuntu kernel: [    1.744444] pci 0000:00:15.2: PME# supported from D0 D3hot D3cold
Sep  7 16:33:58 ubuntu kernel: [    1.744661] pci 0000:00:15.2: System wakeup disabled by ACPI
Sep  7 16:33:58 ubuntu kernel: [    1.744791] pci 0000:00:15.3: [15ad:07a0] type 01 class 0x060400
Sep  7 16:33:58 ubuntu kernel: [    1.745302] pci 0000:00:15.3: PME# supported from D0 D3hot D3cold
Sep  7 16:33:58 ubuntu kernel: [    1.745514] pci 0000:00:15.3: System wakeup disabled by ACPI
Sep  7 16:33:58 ubuntu kernel: [    1.745641] pci 0000:00:15.4: [15ad:07a0] type 01 class 0x060400
Sep  7 16:33:58 ubuntu kernel: [    1.746194] pci 0000:00:15.4: PME# supported from D0 D3hot D3cold
Sep  7 16:33:58 ubuntu kernel: [    1.746431] pci 0000:00:15.4: System wakeup disabled by ACPI
Sep  7 16:33:58 ubuntu kernel: [    1.746555] pci 0000:00:15.5: [15ad:07a0] type 01 class 0x060400
Sep  7 16:33:58 ubuntu kernel: [    1.747107] pci 0000:00:15.5: PME# supported from D0 D3hot D3cold
Sep  7 16:33:58 ubuntu kernel: [    1.747349] pci 0000:00:15.5: System wakeup disabled by ACPI
Sep  7 16:33:58 ubuntu kernel: [    1.747463] pci 0000:00:15.6: [15ad:07a0] type 01 class 0x060400
Sep  7 16:33:58 ubuntu kernel: [    1.747972] pci 0000:00:15.6: PME# supported from D0 D3hot D3cold
Sep  7 16:33:58 ubuntu kernel: [    1.748184] pci 0000:00:15.6: System wakeup disabled by ACPI
Sep  7 16:33:58 ubuntu kernel: [    1.748322] pci 0000:00:15.7: [15ad:07a0] type 01 class 0x060400
Sep  7 16:33:58 ubuntu kernel: [    1.748831] pci 0000:00:15.7: PME# supported from D0 D3hot D3cold
Sep  7 16:33:58 ubuntu kernel: [    1.749043] pci 0000:00:15.7: System wakeup disabled by ACPI
Sep  7 16:33:58 ubuntu kernel: [    1.749156] pci 0000:00:16.0: [15ad:07a0] type 01 class 0x060400
Sep  7 16:33:58 ubuntu kernel: [    1.749681] pci 0000:00:16.0: PME# supported from D0 D3hot D3cold
Sep  7 16:33:58 ubuntu kernel: [    1.749898] pci 0000:00:16.0: System wakeup disabled by ACPI
Sep  7 16:33:58 ubuntu kernel: [    1.750011] pci 0000:00:16.1: [15ad:07a0] type 01 class 0x060400
Sep  7 16:33:58 ubuntu kernel: [    1.750570] pci 0000:00:16.1: PME# supported from D0 D3hot D3cold
Sep  7 16:33:58 ubuntu kernel: [    1.750788] pci 0000:00:16.1: System wakeup disabled by ACPI
Sep  7 16:33:58 ubuntu kernel: [    1.750904] pci 0000:00:16.2: [15ad:07a0] type 01 class 0x060400
Sep  7 16:33:58 ubuntu kernel: [    1.751455] pci 0000:00:16.2: PME# supported from D0 D3hot D3cold
Sep  7 16:33:58 ubuntu kernel: [    1.751670] pci 0000:00:16.2: System wakeup disabled by ACPI
Sep  7 16:33:58 ubuntu kernel: [    1.751784] pci 0000:00:16.3: [15ad:07a0] type 01 class 0x060400
Sep  7 16:33:58 ubuntu kernel: [    1.752306] pci 0000:00:16.3: PME# supported from D0 D3hot D3cold
Sep  7 16:33:58 ubuntu kernel: [    1.752522] pci 0000:00:16.3: System wakeup disabled by ACPI
Sep  7 16:33:58 ubuntu kernel: [    1.752635] pci 0000:00:16.4: [15ad:07a0] type 01 class 0x060400
Sep  7 16:33:58 ubuntu kernel: [    1.753153] pci 0000:00:16.4: PME# supported from D0 D3hot D3cold
Sep  7 16:33:58 ubuntu kernel: [    1.753373] pci 0000:00:16.4: System wakeup disabled by ACPI
Sep  7 16:33:58 ubuntu kernel: [    1.753490] pci 0000:00:16.5: [15ad:07a0] type 01 class 0x060400
Sep  7 16:33:58 ubuntu kernel: [    1.754024] pci 0000:00:16.5: PME# supported from D0 D3hot D3cold
Sep  7 16:33:58 ubuntu kernel: [    1.754262] pci 0000:00:16.5: System wakeup disabled by ACPI
Sep  7 16:33:58 ubuntu kernel: [    1.754393] pci 0000:00:16.6: [15ad:07a0] type 01 class 0x060400
Sep  7 16:33:58 ubuntu kernel: [    1.755062] pci 0000:00:16.6: PME# supported from D0 D3hot D3cold
Sep  7 16:33:58 ubuntu kernel: [    1.755480] pci 0000:00:16.6: System wakeup disabled by ACPI
Sep  7 16:33:58 ubuntu kernel: [    1.755680] pci 0000:00:16.7: [15ad:07a0] type 01 class 0x060400
Sep  7 16:33:58 ubuntu kernel: [    1.756496] pci 0000:00:16.7: PME# supported from D0 D3hot D3cold
Sep  7 16:33:58 ubuntu kernel: [    1.756786] pci 0000:00:16.7: System wakeup disabled by ACPI
Sep  7 16:33:58 ubuntu kernel: [    1.756922] pci 0000:00:17.0: [15ad:07a0] type 01 class 0x060400
Sep  7 16:33:58 ubuntu kernel: [    1.757482] pci 0000:00:17.0: PME# supported from D0 D3hot D3cold
Sep  7 16:33:58 ubuntu kernel: [    1.757726] pci 0000:00:17.0: System wakeup disabled by ACPI
Sep  7 16:33:58 ubuntu kernel: [    1.757860] pci 0000:00:17.1: [15ad:07a0] type 01 class 0x060400
Sep  7 16:33:58 ubuntu kernel: [    1.758410] pci 0000:00:17.1: PME# supported from D0 D3hot D3cold
Sep  7 16:33:58 ubuntu kernel: [    1.758675] pci 0000:00:17.1: System wakeup disabled by ACPI
Sep  7 16:33:58 ubuntu kernel: [    1.758801] pci 0000:00:17.2: [15ad:07a0] type 01 class 0x060400
Sep  7 16:33:58 ubuntu kernel: [    1.759379] pci 0000:00:17.2: PME# supported from D0 D3hot D3cold
Sep  7 16:33:58 ubuntu kernel: [    1.759613] pci 0000:00:17.2: System wakeup disabled by ACPI
Sep  7 16:33:58 ubuntu kernel: [    1.793154] pci 0000:00:17.3: [15ad:07a0] type 01 class 0x060400
Sep  7 16:33:58 ubuntu kernel: [    1.793733] pci 0000:00:17.3: PME# supported from D0 D3hot D3cold
Sep  7 16:33:58 ubuntu kernel: [    1.793967] pci 0000:00:17.3: System wakeup disabled by ACPI
Sep  7 16:33:58 ubuntu kernel: [    1.794095] pci 0000:00:17.4: [15ad:07a0] type 01 class 0x060400
Sep  7 16:33:58 ubuntu kernel: [    1.794660] pci 0000:00:17.4: PME# supported from D0 D3hot D3cold
Sep  7 16:33:58 ubuntu kernel: [    1.794889] pci 0000:00:17.4: System wakeup disabled by ACPI
Sep  7 16:33:58 ubuntu kernel: [    1.795010] pci 0000:00:17.5: [15ad:07a0] type 01 class 0x060400
Sep  7 16:33:58 ubuntu kernel: [    1.795554] pci 0000:00:17.5: PME# supported from D0 D3hot D3cold
Sep  7 16:33:58 ubuntu kernel: [    1.795781] pci 0000:00:17.5: System wakeup disabled by ACPI
Sep  7 16:33:58 ubuntu kernel: [    1.795905] pci 0000:00:17.6: [15ad:07a0] type 01 class 0x060400
Sep  7 16:33:58 ubuntu kernel: [    1.796484] pci 0000:00:17.6: PME# supported from D0 D3hot D3cold
Sep  7 16:33:58 ubuntu kernel: [    1.796736] pci 0000:00:17.6: System wakeup disabled by ACPI
Sep  7 16:33:58 ubuntu kernel: [    1.796866] pci 0000:00:17.7: [15ad:07a0] type 01 class 0x060400
Sep  7 16:33:58 ubuntu kernel: [    1.797429] pci 0000:00:17.7: PME# supported from D0 D3hot D3cold
Sep  7 16:33:58 ubuntu kernel: [    1.797686] pci 0000:00:17.7: System wakeup disabled by ACPI
Sep  7 16:33:58 ubuntu kernel: [    1.797815] pci 0000:00:18.0: [15ad:07a0] type 01 class 0x060400
Sep  7 16:33:58 ubuntu kernel: [    1.798324] pci 0000:00:18.0: PME# supported from D0 D3hot D3cold
Sep  7 16:33:58 ubuntu kernel: [    1.798536] pci 0000:00:18.0: System wakeup disabled by ACPI
Sep  7 16:33:58 ubuntu kernel: [    1.798653] pci 0000:00:18.1: [15ad:07a0] type 01 class 0x060400
Sep  7 16:33:58 ubuntu kernel: [    1.799186] pci 0000:00:18.1: PME# supported from D0 D3hot D3cold
Sep  7 16:33:58 ubuntu kernel: [    1.799398] pci 0000:00:18.1: System wakeup disabled by ACPI
Sep  7 16:33:58 ubuntu kernel: [    1.799515] pci 0000:00:18.2: [15ad:07a0] type 01 class 0x060400
Sep  7 16:33:58 ubuntu kernel: [    1.800042] pci 0000:00:18.2: PME# supported from D0 D3hot D3cold
Sep  7 16:33:58 ubuntu kernel: [    1.800289] pci 0000:00:18.2: System wakeup disabled by ACPI
Sep  7 16:33:58 ubuntu kernel: [    1.800412] pci 0000:00:18.3: [15ad:07a0] type 01 class 0x060400
Sep  7 16:33:58 ubuntu kernel: [    1.800952] pci 0000:00:18.3: PME# supported from D0 D3hot D3cold
Sep  7 16:33:58 ubuntu kernel: [    1.801165] pci 0000:00:18.3: System wakeup disabled by ACPI
Sep  7 16:33:58 ubuntu kernel: [    1.801282] pci 0000:00:18.4: [15ad:07a0] type 01 class 0x060400
Sep  7 16:33:58 ubuntu kernel: [    1.801821] pci 0000:00:18.4: PME# supported from D0 D3hot D3cold
Sep  7 16:33:58 ubuntu kernel: [    1.802034] pci 0000:00:18.4: System wakeup disabled by ACPI
Sep  7 16:33:58 ubuntu kernel: [    1.802151] pci 0000:00:18.5: [15ad:07a0] type 01 class 0x060400
Sep  7 16:33:58 ubuntu kernel: [    1.802660] pci 0000:00:18.5: PME# supported from D0 D3hot D3cold
Sep  7 16:33:58 ubuntu kernel: [    1.802905] pci 0000:00:18.5: System wakeup disabled by ACPI
Sep  7 16:33:58 ubuntu kernel: [    1.803039] pci 0000:00:18.6: [15ad:07a0] type 01 class 0x060400
Sep  7 16:33:58 ubuntu kernel: [    1.803595] pci 0000:00:18.6: PME# supported from D0 D3hot D3cold
Sep  7 16:33:58 ubuntu kernel: [    1.803837] pci 0000:00:18.6: System wakeup disabled by ACPI
Sep  7 16:33:58 ubuntu kernel: [    1.803969] pci 0000:00:18.7: [15ad:07a0] type 01 class 0x060400
Sep  7 16:33:58 ubuntu kernel: [    1.804587] pci 0000:00:18.7: PME# supported from D0 D3hot D3cold
Sep  7 16:33:58 ubuntu kernel: [    1.804897] pci 0000:00:18.7: System wakeup disabled by ACPI
Sep  7 16:33:58 ubuntu kernel: [    1.806201] pci 0000:00:01.0: PCI bridge to [bus 01]
Sep  7 16:33:58 ubuntu kernel: [    1.808717] acpiphp: Slot [32] registered
Sep  7 16:33:58 ubuntu kernel: [    1.808854] acpiphp: Slot [33] registered
Sep  7 16:33:58 ubuntu kernel: [    1.808911] acpiphp: Slot [34] registered
Sep  7 16:33:58 ubuntu kernel: [    1.808957] acpiphp: Slot [35] registered
Sep  7 16:33:58 ubuntu kernel: [    1.809001] acpiphp: Slot [36] registered
Sep  7 16:33:58 ubuntu kernel: [    1.809043] acpiphp: Slot [37] registered
Sep  7 16:33:58 ubuntu kernel: [    1.809113] acpiphp: Slot [38] registered
Sep  7 16:33:58 ubuntu kernel: [    1.809144] acpiphp: Slot [39] registered
Sep  7 16:33:58 ubuntu kernel: [    1.809171] acpiphp: Slot [40] registered
Sep  7 16:33:58 ubuntu kernel: [    1.809200] acpiphp: Slot [41] registered
Sep  7 16:33:58 ubuntu kernel: [    1.809228] acpiphp: Slot [42] registered
Sep  7 16:33:58 ubuntu kernel: [    1.809257] acpiphp: Slot [43] registered
Sep  7 16:33:58 ubuntu kernel: [    1.809287] acpiphp: Slot [44] registered
Sep  7 16:33:58 ubuntu kernel: [    1.809316] acpiphp: Slot [45] registered
Sep  7 16:33:58 ubuntu kernel: [    1.809344] acpiphp: Slot [46] registered
Sep  7 16:33:58 ubuntu kernel: [    1.809374] acpiphp: Slot [47] registered
Sep  7 16:33:58 ubuntu kernel: [    1.809415] acpiphp: Slot [48] registered
Sep  7 16:33:58 ubuntu kernel: [    1.809445] acpiphp: Slot [49] registered
Sep  7 16:33:58 ubuntu kernel: [    1.809473] acpiphp: Slot [50] registered
Sep  7 16:33:58 ubuntu kernel: [    1.809555] acpiphp: Slot [51] registered
Sep  7 16:33:58 ubuntu kernel: [    1.809587] acpiphp: Slot [52] registered
Sep  7 16:33:58 ubuntu kernel: [    1.809625] acpiphp: Slot [53] registered
Sep  7 16:33:58 ubuntu kernel: [    1.809658] acpiphp: Slot [54] registered
Sep  7 16:33:58 ubuntu kernel: [    1.843062] acpiphp: Slot [55] registered
Sep  7 16:33:58 ubuntu kernel: [    1.843089] acpiphp: Slot [56] registered
Sep  7 16:33:58 ubuntu kernel: [    1.843122] acpiphp: Slot [57] registered
Sep  7 16:33:58 ubuntu kernel: [    1.843149] acpiphp: Slot [58] registered
Sep  7 16:33:58 ubuntu kernel: [    1.843176] acpiphp: Slot [59] registered
Sep  7 16:33:58 ubuntu kernel: [    1.843202] acpiphp: Slot [60] registered
Sep  7 16:33:58 ubuntu kernel: [    1.843228] acpiphp: Slot [61] registered
Sep  7 16:33:58 ubuntu kernel: [    1.843255] acpiphp: Slot [62] registered
Sep  7 16:33:58 ubuntu kernel: [    1.843281] acpiphp: Slot [63] registered
Sep  7 16:33:58 ubuntu kernel: [    1.843385] pci 0000:02:00.0: [15ad:0774] type 00 class 0x0c0300
Sep  7 16:33:58 ubuntu kernel: [    1.845627] pci 0000:02:00.0: reg 0x20: [io  0x20c0-0x20df]
Sep  7 16:33:58 ubuntu kernel: [    1.846828] pci 0000:02:00.0: System wakeup disabled by ACPI
Sep  7 16:33:58 ubuntu kernel: [    1.847055] pci 0000:02:01.0: [1022:2000] type 00 class 0x020000
Sep  7 16:33:58 ubuntu kernel: [    1.847678] pci 0000:02:01.0: reg 0x10: [io  0x2000-0x207f]
Sep  7 16:33:58 ubuntu kernel: [    1.850644] pci 0000:02:01.0: reg 0x30: [mem 0x00000000-0x0000ffff pref]
Sep  7 16:33:58 ubuntu kernel: [    1.850796] pci 0000:02:01.0: System wakeup disabled by ACPI
Sep  7 16:33:58 ubuntu kernel: [    1.850913] pci 0000:02:02.0: [1274:1371] type 00 class 0x040100
Sep  7 16:33:58 ubuntu kernel: [    1.851396] pci 0000:02:02.0: reg 0x10: [io  0x2080-0x20bf]
Sep  7 16:33:58 ubuntu kernel: [    1.854243] pci 0000:02:02.0: System wakeup disabled by ACPI
Sep  7 16:33:58 ubuntu kernel: [    1.854318] pci 0000:02:03.0: [15ad:0770] type 00 class 0x0c0320
Sep  7 16:33:58 ubuntu kernel: [    1.854589] pci 0000:02:03.0: reg 0x10: [mem 0xfd5ff000-0xfd5fffff]
Sep  7 16:33:58 ubuntu kernel: [    1.856305] pci 0000:02:03.0: System wakeup disabled by ACPI
Sep  7 16:33:58 ubuntu kernel: [    1.856481] pci 0000:02:05.0: [15ad:07e0] type 00 class 0x010601
Sep  7 16:33:58 ubuntu kernel: [    1.858364] pci 0000:02:05.0: reg 0x24: [mem 0xfd5fe000-0xfd5fefff]
Sep  7 16:33:58 ubuntu kernel: [    1.858689] pci 0000:02:05.0: reg 0x30: [mem 0x00000000-0x0000ffff pref]
Sep  7 16:33:58 ubuntu kernel: [    1.859164] pci 0000:02:05.0: PME# supported from D3hot
Sep  7 16:33:58 ubuntu kernel: [    1.859355] pci 0000:02:05.0: System wakeup disabled by ACPI
Sep  7 16:33:58 ubuntu kernel: [    1.859621] pci 0000:00:11.0: PCI bridge to [bus 02] (subtractive decode)
Sep  7 16:33:58 ubuntu kernel: [    1.859699] pci 0000:00:11.0:   bridge window [io  0x2000-0x3fff]
Sep  7 16:33:58 ubuntu kernel: [    1.893128] pci 0000:00:11.0:   bridge window [mem 0xfd500000-0xfdffffff]
Sep  7 16:33:58 ubuntu kernel: [    1.893241] pci 0000:00:11.0:   bridge window [mem 0xe7b00000-0xe7ffffff 64bit pref]
Sep  7 16:33:58 ubuntu kernel: [    1.893287] pci 0000:00:11.0:   bridge window [mem 0x000a0000-0x000bffff] (subtractive decode)
Sep  7 16:33:58 ubuntu kernel: [    1.893291] pci 0000:00:11.0:   bridge window [mem 0x000d0000-0x000d3fff] (subtractive decode)
Sep  7 16:33:58 ubuntu kernel: [    1.893294] pci 0000:00:11.0:   bridge window [mem 0x000d4000-0x000d7fff] (subtractive decode)
Sep  7 16:33:58 ubuntu kernel: [    1.893296] pci 0000:00:11.0:   bridge window [mem 0x000d8000-0x000dbfff] (subtractive decode)
Sep  7 16:33:58 ubuntu kernel: [    1.893298] pci 0000:00:11.0:   bridge window [mem 0xc0000000-0xfebfffff] (subtractive decode)
Sep  7 16:33:58 ubuntu kernel: [    1.893301] pci 0000:00:11.0:   bridge window [io  0x0000-0x0cf7] (subtractive decode)
Sep  7 16:33:58 ubuntu kernel: [    1.893303] pci 0000:00:11.0:   bridge window [io  0x0d00-0xfeff] (subtractive decode)
Sep  7 16:33:58 ubuntu kernel: [    1.893878] pci 0000:00:15.0: PCI bridge to [bus 03]
Sep  7 16:33:58 ubuntu kernel: [    1.893904] pci 0000:00:15.0:   bridge window [io  0x4000-0x4fff]
Sep  7 16:33:58 ubuntu kernel: [    1.893923] pci 0000:00:15.0:   bridge window [mem 0xfd400000-0xfd4fffff]
Sep  7 16:33:58 ubuntu kernel: [    1.893957] pci 0000:00:15.0:   bridge window [mem 0xe7a00000-0xe7afffff 64bit pref]
Sep  7 16:33:58 ubuntu kernel: [    1.894323] pci 0000:00:15.1: PCI bridge to [bus 04]
Sep  7 16:33:58 ubuntu kernel: [    1.894343] pci 0000:00:15.1:   bridge window [io  0x8000-0x8fff]
Sep  7 16:33:58 ubuntu kernel: [    1.894361] pci 0000:00:15.1:   bridge window [mem 0xfd000000-0xfd0fffff]
Sep  7 16:33:58 ubuntu kernel: [    1.894394] pci 0000:00:15.1:   bridge window [mem 0xe7600000-0xe76fffff 64bit pref]
Sep  7 16:33:58 ubuntu kernel: [    1.894775] pci 0000:00:15.2: PCI bridge to [bus 05]
Sep  7 16:33:58 ubuntu kernel: [    1.894793] pci 0000:00:15.2:   bridge window [io  0xc000-0xcfff]
Sep  7 16:33:58 ubuntu kernel: [    1.894810] pci 0000:00:15.2:   bridge window [mem 0xfcc00000-0xfccfffff]
Sep  7 16:33:58 ubuntu kernel: [    1.894841] pci 0000:00:15.2:   bridge window [mem 0xe7200000-0xe72fffff 64bit pref]
Sep  7 16:33:58 ubuntu kernel: [    1.895221] pci 0000:00:15.3: PCI bridge to [bus 06]
Sep  7 16:33:58 ubuntu kernel: [    1.895265] pci 0000:00:15.3:   bridge window [mem 0xfc800000-0xfc8fffff]
Sep  7 16:33:58 ubuntu kernel: [    1.895299] pci 0000:00:15.3:   bridge window [mem 0xe6e00000-0xe6efffff 64bit pref]
Sep  7 16:33:58 ubuntu kernel: [    1.895680] pci 0000:00:15.4: PCI bridge to [bus 07]
Sep  7 16:33:58 ubuntu kernel: [    1.895716] pci 0000:00:15.4:   bridge window [mem 0xfc400000-0xfc4fffff]
Sep  7 16:33:58 ubuntu kernel: [    1.895762] pci 0000:00:15.4:   bridge window [mem 0xe6a00000-0xe6afffff 64bit pref]
Sep  7 16:33:58 ubuntu kernel: [    1.896169] pci 0000:00:15.5: PCI bridge to [bus 08]
Sep  7 16:33:58 ubuntu kernel: [    1.896216] pci 0000:00:15.5:   bridge window [mem 0xfc000000-0xfc0fffff]
Sep  7 16:33:58 ubuntu kernel: [    1.896306] pci 0000:00:15.5:   bridge window [mem 0xe6600000-0xe66fffff 64bit pref]
Sep  7 16:33:58 ubuntu kernel: [    1.896814] pci 0000:00:15.6: PCI bridge to [bus 09]
Sep  7 16:33:58 ubuntu kernel: [    1.896863] pci 0000:00:15.6:   bridge window [mem 0xfbc00000-0xfbcfffff]
Sep  7 16:33:58 ubuntu kernel: [    1.896919] pci 0000:00:15.6:   bridge window [mem 0xe6200000-0xe62fffff 64bit pref]
Sep  7 16:33:58 ubuntu kernel: [    1.897391] pci 0000:00:15.7: PCI bridge to [bus 0a]
Sep  7 16:33:58 ubuntu kernel: [    1.897443] pci 0000:00:15.7:   bridge window [mem 0xfb800000-0xfb8fffff]
Sep  7 16:33:58 ubuntu kernel: [    1.897491] pci 0000:00:15.7:   bridge window [mem 0xe5e00000-0xe5efffff 64bit pref]
Sep  7 16:33:58 ubuntu kernel: [    1.897894] pci 0000:00:16.0: PCI bridge to [bus 0b]
Sep  7 16:33:58 ubuntu kernel: [    1.897912] pci 0000:00:16.0:   bridge window [io  0x5000-0x5fff]
Sep  7 16:33:58 ubuntu kernel: [    1.897929] pci 0000:00:16.0:   bridge window [mem 0xfd300000-0xfd3fffff]
Sep  7 16:33:58 ubuntu kernel: [    1.897960] pci 0000:00:16.0:   bridge window [mem 0xe7900000-0xe79fffff 64bit pref]
Sep  7 16:33:58 ubuntu kernel: [    1.898330] pci 0000:00:16.1: PCI bridge to [bus 0c]
Sep  7 16:33:58 ubuntu kernel: [    1.898349] pci 0000:00:16.1:   bridge window [io  0x9000-0x9fff]
Sep  7 16:33:58 ubuntu kernel: [    1.898369] pci 0000:00:16.1:   bridge window [mem 0xfcf00000-0xfcffffff]
Sep  7 16:33:58 ubuntu kernel: [    1.898402] pci 0000:00:16.1:   bridge window [mem 0xe7500000-0xe75fffff 64bit pref]
Sep  7 16:33:58 ubuntu kernel: [    1.898744] pci 0000:00:16.2: PCI bridge to [bus 0d]
Sep  7 16:33:58 ubuntu kernel: [    1.898762] pci 0000:00:16.2:   bridge window [io  0xd000-0xdfff]
Sep  7 16:33:58 ubuntu kernel: [    1.898781] pci 0000:00:16.2:   bridge window [mem 0xfcb00000-0xfcbfffff]
Sep  7 16:33:58 ubuntu kernel: [    1.898817] pci 0000:00:16.2:   bridge window [mem 0xe7100000-0xe71fffff 64bit pref]
Sep  7 16:33:58 ubuntu kernel: [    1.899152] pci 0000:00:16.3: PCI bridge to [bus 0e]
Sep  7 16:33:58 ubuntu kernel: [    1.899185] pci 0000:00:16.3:   bridge window [mem 0xfc700000-0xfc7fffff]
Sep  7 16:33:58 ubuntu kernel: [    1.899218] pci 0000:00:16.3:   bridge window [mem 0xe6d00000-0xe6dfffff 64bit pref]
Sep  7 16:33:58 ubuntu kernel: [    1.899568] pci 0000:00:16.4: PCI bridge to [bus 0f]
Sep  7 16:33:58 ubuntu kernel: [    1.899610] pci 0000:00:16.4:   bridge window [mem 0xfc300000-0xfc3fffff]
Sep  7 16:33:58 ubuntu kernel: [    1.899655] pci 0000:00:16.4:   bridge window [mem 0xe6900000-0xe69fffff 64bit pref]
Sep  7 16:33:58 ubuntu kernel: [    1.899995] pci 0000:00:16.5: PCI bridge to [bus 10]
Sep  7 16:33:58 ubuntu kernel: [    1.900029] pci 0000:00:16.5:   bridge window [mem 0xfbf00000-0xfbffffff]
Sep  7 16:33:58 ubuntu kernel: [    1.900062] pci 0000:00:16.5:   bridge window [mem 0xe6500000-0xe65fffff 64bit pref]
Sep  7 16:33:58 ubuntu kernel: [    1.900473] pci 0000:00:16.6: PCI bridge to [bus 11]
Sep  7 16:33:58 ubuntu kernel: [    1.900507] pci 0000:00:16.6:   bridge window [mem 0xfbb00000-0xfbbfffff]
Sep  7 16:33:58 ubuntu kernel: [    1.900540] pci 0000:00:16.6:   bridge window [mem 0xe6100000-0xe61fffff 64bit pref]
Sep  7 16:33:58 ubuntu kernel: [    1.900883] pci 0000:00:16.7: PCI bridge to [bus 12]
Sep  7 16:33:58 ubuntu kernel: [    1.900917] pci 0000:00:16.7:   bridge window [mem 0xfb700000-0xfb7fffff]
Sep  7 16:33:58 ubuntu kernel: [    1.900950] pci 0000:00:16.7:   bridge window [mem 0xe5d00000-0xe5dfffff 64bit pref]
Sep  7 16:33:58 ubuntu kernel: [    1.901297] pci 0000:00:17.0: PCI bridge to [bus 13]
Sep  7 16:33:58 ubuntu kernel: [    1.901316] pci 0000:00:17.0:   bridge window [io  0x6000-0x6fff]
Sep  7 16:33:58 ubuntu kernel: [    1.901334] pci 0000:00:17.0:   bridge window [mem 0xfd200000-0xfd2fffff]
Sep  7 16:33:58 ubuntu kernel: [    1.901367] pci 0000:00:17.0:   bridge window [mem 0xe7800000-0xe78fffff 64bit pref]
Sep  7 16:33:58 ubuntu kernel: [    1.901704] pci 0000:00:17.1: PCI bridge to [bus 14]
Sep  7 16:33:58 ubuntu kernel: [    1.901723] pci 0000:00:17.1:   bridge window [io  0xa000-0xafff]
Sep  7 16:33:58 ubuntu kernel: [    1.901741] pci 0000:00:17.1:   bridge window [mem 0xfce00000-0xfcefffff]
Sep  7 16:33:58 ubuntu kernel: [    1.901774] pci 0000:00:17.1:   bridge window [mem 0xe7400000-0xe74fffff 64bit pref]
Sep  7 16:33:58 ubuntu kernel: [    1.902109] pci 0000:00:17.2: PCI bridge to [bus 15]
Sep  7 16:33:58 ubuntu kernel: [    1.902127] pci 0000:00:17.2:   bridge window [io  0xe000-0xefff]
Sep  7 16:33:58 ubuntu kernel: [    1.902146] pci 0000:00:17.2:   bridge window [mem 0xfca00000-0xfcafffff]
Sep  7 16:33:58 ubuntu kernel: [    1.902179] pci 0000:00:17.2:   bridge window [mem 0xe7000000-0xe70fffff 64bit pref]
Sep  7 16:33:58 ubuntu kernel: [    1.902517] pci 0000:00:17.3: PCI bridge to [bus 16]
Sep  7 16:33:58 ubuntu kernel: [    1.902550] pci 0000:00:17.3:   bridge window [mem 0xfc600000-0xfc6fffff]
Sep  7 16:33:58 ubuntu kernel: [    1.902583] pci 0000:00:17.3:   bridge window [mem 0xe6c00000-0xe6cfffff 64bit pref]
Sep  7 16:33:58 ubuntu kernel: [    1.902918] pci 0000:00:17.4: PCI bridge to [bus 17]
Sep  7 16:33:58 ubuntu kernel: [    1.902960] pci 0000:00:17.4:   bridge window [mem 0xfc200000-0xfc2fffff]
Sep  7 16:33:58 ubuntu kernel: [    1.903004] pci 0000:00:17.4:   bridge window [mem 0xe6800000-0xe68fffff 64bit pref]
Sep  7 16:33:58 ubuntu kernel: [    1.903384] pci 0000:00:17.5: PCI bridge to [bus 18]
Sep  7 16:33:58 ubuntu kernel: [    1.903416] pci 0000:00:17.5:   bridge window [mem 0xfbe00000-0xfbefffff]
Sep  7 16:33:58 ubuntu kernel: [    1.903457] pci 0000:00:17.5:   bridge window [mem 0xe6400000-0xe64fffff 64bit pref]
Sep  7 16:33:58 ubuntu kernel: [    1.903775] pci 0000:00:17.6: PCI bridge to [bus 19]
Sep  7 16:33:58 ubuntu kernel: [    1.903806] pci 0000:00:17.6:   bridge window [mem 0xfba00000-0xfbafffff]
Sep  7 16:33:58 ubuntu kernel: [    1.903837] pci 0000:00:17.6:   bridge window [mem 0xe6000000-0xe60fffff 64bit pref]
Sep  7 16:33:58 ubuntu kernel: [    1.904149] pci 0000:00:17.7: PCI bridge to [bus 1a]
Sep  7 16:33:58 ubuntu kernel: [    1.904180] pci 0000:00:17.7:   bridge window [mem 0xfb600000-0xfb6fffff]
Sep  7 16:33:58 ubuntu kernel: [    1.904211] pci 0000:00:17.7:   bridge window [mem 0xe5c00000-0xe5cfffff 64bit pref]
Sep  7 16:33:58 ubuntu kernel: [    1.904554] pci 0000:00:18.0: PCI bridge to [bus 1b]
Sep  7 16:33:58 ubuntu kernel: [    1.904572] pci 0000:00:18.0:   bridge window [io  0x7000-0x7fff]
Sep  7 16:33:58 ubuntu kernel: [    1.904589] pci 0000:00:18.0:   bridge window [mem 0xfd100000-0xfd1fffff]
Sep  7 16:33:58 ubuntu kernel: [    1.904629] pci 0000:00:18.0:   bridge window [mem 0xe7700000-0xe77fffff 64bit pref]
Sep  7 16:33:58 ubuntu kernel: [    1.904969] pci 0000:00:18.1: PCI bridge to [bus 1c]
Sep  7 16:33:58 ubuntu kernel: [    1.904987] pci 0000:00:18.1:   bridge window [io  0xb000-0xbfff]
Sep  7 16:33:58 ubuntu kernel: [    1.905006] pci 0000:00:18.1:   bridge window [mem 0xfcd00000-0xfcdfffff]
Sep  7 16:33:58 ubuntu kernel: [    1.905057] pci 0000:00:18.1:   bridge window [mem 0xe7300000-0xe73fffff 64bit pref]
Sep  7 16:33:58 ubuntu kernel: [    1.905526] pci 0000:00:18.2: PCI bridge to [bus 1d]
Sep  7 16:33:58 ubuntu kernel: [    1.905569] pci 0000:00:18.2:   bridge window [mem 0xfc900000-0xfc9fffff]
Sep  7 16:33:58 ubuntu kernel: [    1.905605] pci 0000:00:18.2:   bridge window [mem 0xe6f00000-0xe6ffffff 64bit pref]
Sep  7 16:33:58 ubuntu kernel: [    1.906039] pci 0000:00:18.3: PCI bridge to [bus 1e]
Sep  7 16:33:58 ubuntu kernel: [    1.906074] pci 0000:00:18.3:   bridge window [mem 0xfc500000-0xfc5fffff]
Sep  7 16:33:58 ubuntu kernel: [    1.906107] pci 0000:00:18.3:   bridge window [mem 0xe6b00000-0xe6bfffff 64bit pref]
Sep  7 16:33:58 ubuntu kernel: [    1.906489] pci 0000:00:18.4: PCI bridge to [bus 1f]
Sep  7 16:33:58 ubuntu kernel: [    1.906527] pci 0000:00:18.4:   bridge window [mem 0xfc100000-0xfc1fffff]
Sep  7 16:33:58 ubuntu kernel: [    1.906561] pci 0000:00:18.4:   bridge window [mem 0xe6700000-0xe67fffff 64bit pref]
Sep  7 16:33:58 ubuntu kernel: [    1.906949] pci 0000:00:18.5: PCI bridge to [bus 20]
Sep  7 16:33:58 ubuntu kernel: [    1.906983] pci 0000:00:18.5:   bridge window [mem 0xfbd00000-0xfbdfffff]
Sep  7 16:33:58 ubuntu kernel: [    1.907017] pci 0000:00:18.5:   bridge window [mem 0xe6300000-0xe63fffff 64bit pref]
Sep  7 16:33:58 ubuntu kernel: [    1.907419] pci 0000:00:18.6: PCI bridge to [bus 21]
Sep  7 16:33:58 ubuntu kernel: [    1.907480] pci 0000:00:18.6:   bridge window [mem 0xfb900000-0xfb9fffff]
Sep  7 16:33:58 ubuntu kernel: [    1.907515] pci 0000:00:18.6:   bridge window [mem 0xe5f00000-0xe5ffffff 64bit pref]
Sep  7 16:33:58 ubuntu kernel: [    1.907962] pci 0000:00:18.7: PCI bridge to [bus 22]
Sep  7 16:33:58 ubuntu kernel: [    1.908016] pci 0000:00:18.7:   bridge window [mem 0xfb500000-0xfb5fffff]
Sep  7 16:33:58 ubuntu kernel: [    1.908058] pci 0000:00:18.7:   bridge window [mem 0xe5b00000-0xe5bfffff 64bit pref]
Sep  7 16:33:58 ubuntu kernel: [    1.943584] pci_bus 0000:00: on NUMA node 0
Sep  7 16:33:58 ubuntu kernel: [    1.944421] ACPI: PCI Interrupt Link [LNKA] (IRQs 3 4 5 6 7 *9 10 11 14 15)
Sep  7 16:33:58 ubuntu kernel: [    1.944665] ACPI: PCI Interrupt Link [LNKB] (IRQs 3 4 5 6 7 9 10 *11 14 15)
Sep  7 16:33:58 ubuntu kernel: [    1.944784] ACPI: PCI Interrupt Link [LNKC] (IRQs 3 4 5 6 7 9 *10 11 14 15)
Sep  7 16:33:58 ubuntu kernel: [    1.944897] ACPI: PCI Interrupt Link [LNKD] (IRQs 3 4 *5 6 7 9 10 11 14 15)
Sep  7 16:33:58 ubuntu kernel: [    1.994323] ACPI: Enabled 2 GPEs in block 00 to 0F
Sep  7 16:33:58 ubuntu kernel: [    1.994505] ACPI: \_SB_.PCI0: notify handler is installed
Sep  7 16:33:58 ubuntu kernel: [    1.994714] Found 1 acpi root devices
Sep  7 16:33:58 ubuntu kernel: [    1.997184] vgaarb: device added: PCI:0000:00:0f.0,decodes=io+mem,owns=io+mem,locks=none
Sep  7 16:33:58 ubuntu kernel: [    1.997224] vgaarb: loaded
Sep  7 16:33:58 ubuntu kernel: [    1.997253] vgaarb: bridge control possible 0000:00:0f.0
Sep  7 16:33:58 ubuntu kernel: [    1.998669] SCSI subsystem initialized
Sep  7 16:33:58 ubuntu kernel: [    1.999101] libata version 3.00 loaded.
Sep  7 16:33:58 ubuntu kernel: [    1.999283] ACPI: bus type USB registered
Sep  7 16:33:58 ubuntu kernel: [    1.999506] usbcore: registered new interface driver usbfs
Sep  7 16:33:58 ubuntu kernel: [    1.999666] usbcore: registered new interface driver hub
Sep  7 16:33:58 ubuntu kernel: [    1.999829] usbcore: registered new device driver usb
Sep  7 16:33:58 ubuntu kernel: [    2.001177] PCI: Using ACPI for IRQ routing
Sep  7 16:33:58 ubuntu kernel: [    2.057724] PCI: pci_cache_line_size set to 64 bytes
Sep  7 16:33:58 ubuntu kernel: [    2.058977] e820: reserve RAM buffer [mem 0x0009ec00-0x0009ffff]
Sep  7 16:33:58 ubuntu kernel: [    2.059131] e820: reserve RAM buffer [mem 0x3fee0000-0x3fffffff]
Sep  7 16:33:58 ubuntu kernel: [    2.097126] NetLabel: Initializing
Sep  7 16:33:58 ubuntu kernel: [    2.097146] NetLabel:  domain hash size = 128
Sep  7 16:33:58 ubuntu kernel: [    2.097162] NetLabel:  protocols = UNLABELED CIPSOv4
Sep  7 16:33:58 ubuntu kernel: [    2.098148] NetLabel:  unlabeled traffic allowed by default
Sep  7 16:33:58 ubuntu kernel: [    2.098858] hpet0: at MMIO 0xfed00000, IRQs 2, 8, 0, 0, 0, 0, 0, 0, 0, 0, 0, 0, 0, 0, 0, 0
Sep  7 16:33:58 ubuntu kernel: [    2.098940] hpet0: 16 comparators, 64-bit 14.318180 MHz counter
Sep  7 16:33:58 ubuntu kernel: [    2.102624] Switched to clocksource hpet
Sep  7 16:33:58 ubuntu kernel: [    2.200066] AppArmor: AppArmor Filesystem Enabled
Sep  7 16:33:58 ubuntu kernel: [    2.200718] pnp: PnP ACPI init
Sep  7 16:33:58 ubuntu kernel: [    2.200845] ACPI: bus type PNP registered
Sep  7 16:33:58 ubuntu kernel: [    2.202898] system 00:00: [io  0x1000-0x103f] could not be reserved
Sep  7 16:33:58 ubuntu kernel: [    2.202926] system 00:00: [io  0x1040-0x104f] has been reserved
Sep  7 16:33:58 ubuntu kernel: [    2.202932] system 00:00: [io  0x0cf0-0x0cf1] has been reserved
Sep  7 16:33:58 ubuntu kernel: [    2.203030] system 00:00: Plug and Play ACPI device, IDs PNP0c02 (active)
Sep  7 16:33:58 ubuntu kernel: [    2.203243] pnp 00:01: [dma 4]
Sep  7 16:33:58 ubuntu kernel: [    2.203331] pnp 00:01: Plug and Play ACPI device, IDs PNP0200 (active)
Sep  7 16:33:58 ubuntu kernel: [    2.203483] pnp 00:02: Plug and Play ACPI device, IDs PNP0001 (active)
Sep  7 16:33:58 ubuntu kernel: [    2.204012] pnp 00:03: Plug and Play ACPI device, IDs PNP0b00 (active)
Sep  7 16:33:58 ubuntu kernel: [    2.204048] pnp 00:04: Plug and Play ACPI device, IDs PNP0800 (active)
Sep  7 16:33:58 ubuntu kernel: [    2.204086] pnp 00:05: Plug and Play ACPI device, IDs PNP0303 (active)
Sep  7 16:33:58 ubuntu kernel: [    2.204125] pnp 00:06: Plug and Play ACPI device, IDs PNP0f13 (active)
Sep  7 16:33:58 ubuntu kernel: [    2.204604] system 00:07: [mem 0xfed00000-0xfed003ff] has been reserved
Sep  7 16:33:58 ubuntu kernel: [    2.204624] system 00:07: Plug and Play ACPI device, IDs PNP0103 PNP0c01 (active)
Sep  7 16:33:58 ubuntu kernel: [    2.208445] pnp 00:08: Plug and Play ACPI device, IDs PNP0400 (active)
Sep  7 16:33:58 ubuntu kernel: [    2.208927] pnp 00:09: Plug and Play ACPI device, IDs PNP0501 (active)
Sep  7 16:33:58 ubuntu kernel: [    2.209261] pnp 00:0a: Plug and Play ACPI device, IDs PNP0501 (active)
Sep  7 16:33:58 ubuntu kernel: [    2.209514] pnp 00:0b: [dma 2]
Sep  7 16:33:58 ubuntu kernel: [    2.209739] pnp 00:0b: Plug and Play ACPI device, IDs PNP0700 (active)
Sep  7 16:33:58 ubuntu kernel: [    2.210152] system 00:0c: [io  0xfce0-0xfcff] has been reserved
Sep  7 16:33:58 ubuntu kernel: [    2.210159] system 00:0c: [mem 0xf0000000-0xf7ffffff] has been reserved
Sep  7 16:33:58 ubuntu kernel: [    2.210163] system 00:0c: [mem 0xfe800000-0xfe9fffff] has been reserved
Sep  7 16:33:58 ubuntu kernel: [    2.210169] system 00:0c: Plug and Play ACPI device, IDs PNP0c02 (active)
Sep  7 16:33:58 ubuntu kernel: [    2.249780] pnp 00:0d: Plug and Play ACPI device, IDs PNP0c80 (active)
Sep  7 16:33:58 ubuntu kernel: [    2.251455] pnp: PnP ACPI: found 14 devices
Sep  7 16:33:58 ubuntu kernel: [    2.251544] ACPI: bus type PNP unregistered
Sep  7 16:33:58 ubuntu kernel: [    2.251628] PnPBIOS: Disabled by ACPI PNP
Sep  7 16:33:58 ubuntu kernel: [    2.324753] pci 0000:00:15.3: bridge window [io  0x1000-0x0fff] to [bus 06] add_size 1000
Sep  7 16:33:58 ubuntu kernel: [    2.324825] pci 0000:00:15.4: bridge window [io  0x1000-0x0fff] to [bus 07] add_size 1000
Sep  7 16:33:58 ubuntu kernel: [    2.324877] pci 0000:00:15.5: bridge window [io  0x1000-0x0fff] to [bus 08] add_size 1000
Sep  7 16:33:58 ubuntu kernel: [    2.324929] pci 0000:00:15.6: bridge window [io  0x1000-0x0fff] to [bus 09] add_size 1000
Sep  7 16:33:58 ubuntu kernel: [    2.324979] pci 0000:00:15.7: bridge window [io  0x1000-0x0fff] to [bus 0a] add_size 1000
Sep  7 16:33:58 ubuntu kernel: [    2.325092] pci 0000:00:16.3: bridge window [io  0x1000-0x0fff] to [bus 0e] add_size 1000
Sep  7 16:33:58 ubuntu kernel: [    2.325142] pci 0000:00:16.4: bridge window [io  0x1000-0x0fff] to [bus 0f] add_size 1000
Sep  7 16:33:58 ubuntu kernel: [    2.325190] pci 0000:00:16.5: bridge window [io  0x1000-0x0fff] to [bus 10] add_size 1000
Sep  7 16:33:58 ubuntu kernel: [    2.325239] pci 0000:00:16.6: bridge window [io  0x1000-0x0fff] to [bus 11] add_size 1000
Sep  7 16:33:58 ubuntu kernel: [    2.325287] pci 0000:00:16.7: bridge window [io  0x1000-0x0fff] to [bus 12] add_size 1000
Sep  7 16:33:58 ubuntu kernel: [    2.325401] pci 0000:00:17.3: bridge window [io  0x1000-0x0fff] to [bus 16] add_size 1000
Sep  7 16:33:58 ubuntu kernel: [    2.325450] pci 0000:00:17.4: bridge window [io  0x1000-0x0fff] to [bus 17] add_size 1000
Sep  7 16:33:58 ubuntu kernel: [    2.325498] pci 0000:00:17.5: bridge window [io  0x1000-0x0fff] to [bus 18] add_size 1000
Sep  7 16:33:58 ubuntu kernel: [    2.325547] pci 0000:00:17.6: bridge window [io  0x1000-0x0fff] to [bus 19] add_size 1000
Sep  7 16:33:58 ubuntu kernel: [    2.325595] pci 0000:00:17.7: bridge window [io  0x1000-0x0fff] to [bus 1a] add_size 1000
Sep  7 16:33:58 ubuntu kernel: [    2.325709] pci 0000:00:18.2: bridge window [io  0x1000-0x0fff] to [bus 1d] add_size 1000
Sep  7 16:33:58 ubuntu kernel: [    2.325757] pci 0000:00:18.3: bridge window [io  0x1000-0x0fff] to [bus 1e] add_size 1000
Sep  7 16:33:58 ubuntu kernel: [    2.325806] pci 0000:00:18.4: bridge window [io  0x1000-0x0fff] to [bus 1f] add_size 1000
Sep  7 16:33:58 ubuntu kernel: [    2.325854] pci 0000:00:18.5: bridge window [io  0x1000-0x0fff] to [bus 20] add_size 1000
Sep  7 16:33:58 ubuntu kernel: [    2.325910] pci 0000:00:18.6: bridge window [io  0x1000-0x0fff] to [bus 21] add_size 1000
Sep  7 16:33:58 ubuntu kernel: [    2.325960] pci 0000:00:18.7: bridge window [io  0x1000-0x0fff] to [bus 22] add_size 1000
Sep  7 16:33:58 ubuntu kernel: [    2.326073] pci 0000:00:15.3: res[13]=[io  0x1000-0x0fff] get_res_add_size add_size 1000
Sep  7 16:33:58 ubuntu kernel: [    2.326085] pci 0000:00:15.4: res[13]=[io  0x1000-0x0fff] get_res_add_size add_size 1000
Sep  7 16:33:58 ubuntu kernel: [    2.326088] pci 0000:00:15.5: res[13]=[io  0x1000-0x0fff] get_res_add_size add_size 1000
Sep  7 16:33:58 ubuntu kernel: [    2.326091] pci 0000:00:15.6: res[13]=[io  0x1000-0x0fff] get_res_add_size add_size 1000
Sep  7 16:33:58 ubuntu kernel: [    2.326093] pci 0000:00:15.7: res[13]=[io  0x1000-0x0fff] get_res_add_size add_size 1000
Sep  7 16:33:58 ubuntu kernel: [    2.326096] pci 0000:00:16.3: res[13]=[io  0x1000-0x0fff] get_res_add_size add_size 1000
Sep  7 16:33:58 ubuntu kernel: [    2.326098] pci 0000:00:16.4: res[13]=[io  0x1000-0x0fff] get_res_add_size add_size 1000
Sep  7 16:33:58 ubuntu kernel: [    2.326101] pci 0000:00:16.5: res[13]=[io  0x1000-0x0fff] get_res_add_size add_size 1000
Sep  7 16:33:58 ubuntu kernel: [    2.326103] pci 0000:00:16.6: res[13]=[io  0x1000-0x0fff] get_res_add_size add_size 1000
Sep  7 16:33:58 ubuntu kernel: [    2.326106] pci 0000:00:16.7: res[13]=[io  0x1000-0x0fff] get_res_add_size add_size 1000
Sep  7 16:33:58 ubuntu kernel: [    2.326111] pci 0000:00:17.3: res[13]=[io  0x1000-0x0fff] get_res_add_size add_size 1000
Sep  7 16:33:58 ubuntu kernel: [    2.326114] pci 0000:00:17.4: res[13]=[io  0x1000-0x0fff] get_res_add_size add_size 1000
Sep  7 16:33:58 ubuntu kernel: [    2.326116] pci 0000:00:17.5: res[13]=[io  0x1000-0x0fff] get_res_add_size add_size 1000
Sep  7 16:33:58 ubuntu kernel: [    2.326119] pci 0000:00:17.6: res[13]=[io  0x1000-0x0fff] get_res_add_size add_size 1000
Sep  7 16:33:58 ubuntu kernel: [    2.326121] pci 0000:00:17.7: res[13]=[io  0x1000-0x0fff] get_res_add_size add_size 1000
Sep  7 16:33:58 ubuntu kernel: [    2.326124] pci 0000:00:18.2: res[13]=[io  0x1000-0x0fff] get_res_add_size add_size 1000
Sep  7 16:33:58 ubuntu kernel: [    2.326126] pci 0000:00:18.3: res[13]=[io  0x1000-0x0fff] get_res_add_size add_size 1000
Sep  7 16:33:58 ubuntu kernel: [    2.326129] pci 0000:00:18.4: res[13]=[io  0x1000-0x0fff] get_res_add_size add_size 1000
Sep  7 16:33:58 ubuntu kernel: [    2.326131] pci 0000:00:18.5: res[13]=[io  0x1000-0x0fff] get_res_add_size add_size 1000
Sep  7 16:33:58 ubuntu kernel: [    2.326134] pci 0000:00:18.6: res[13]=[io  0x1000-0x0fff] get_res_add_size add_size 1000
Sep  7 16:33:58 ubuntu kernel: [    2.326136] pci 0000:00:18.7: res[13]=[io  0x1000-0x0fff] get_res_add_size add_size 1000
Sep  7 16:33:58 ubuntu kernel: [    2.326703] pci 0000:00:0f.0: BAR 6: assigned [mem 0xc0000000-0xc0007fff pref]
Sep  7 16:33:58 ubuntu kernel: [    2.326810] pci 0000:00:10.0: BAR 6: assigned [mem 0xc0008000-0xc000bfff pref]
Sep  7 16:33:58 ubuntu kernel: [    2.326898] pci 0000:00:15.3: BAR 13: can't assign io (size 0x1000)
Sep  7 16:33:58 ubuntu kernel: [    2.327012] pci 0000:00:15.4: BAR 13: can't assign io (size 0x1000)
Sep  7 16:33:58 ubuntu kernel: [    2.327016] pci 0000:00:15.5: BAR 13: can't assign io (size 0x1000)
Sep  7 16:33:58 ubuntu kernel: [    2.327020] pci 0000:00:15.6: BAR 13: can't assign io (size 0x1000)
Sep  7 16:33:58 ubuntu kernel: [    2.327023] pci 0000:00:15.7: BAR 13: can't assign io (size 0x1000)
Sep  7 16:33:58 ubuntu kernel: [    2.327027] pci 0000:00:16.3: BAR 13: can't assign io (size 0x1000)
Sep  7 16:33:58 ubuntu kernel: [    2.327030] pci 0000:00:16.4: BAR 13: can't assign io (size 0x1000)
Sep  7 16:33:58 ubuntu kernel: [    2.327033] pci 0000:00:16.5: BAR 13: can't assign io (size 0x1000)
Sep  7 16:33:58 ubuntu kernel: [    2.327036] pci 0000:00:16.6: BAR 13: can't assign io (size 0x1000)
Sep  7 16:33:58 ubuntu kernel: [    2.327040] pci 0000:00:16.7: BAR 13: can't assign io (size 0x1000)
Sep  7 16:33:58 ubuntu kernel: [    2.327043] pci 0000:00:17.3: BAR 13: can't assign io (size 0x1000)
Sep  7 16:33:58 ubuntu kernel: [    2.327046] pci 0000:00:17.4: BAR 13: can't assign io (size 0x1000)
Sep  7 16:33:58 ubuntu kernel: [    2.327049] pci 0000:00:17.5: BAR 13: can't assign io (size 0x1000)
Sep  7 16:33:58 ubuntu kernel: [    2.327053] pci 0000:00:17.6: BAR 13: can't assign io (size 0x1000)
Sep  7 16:33:58 ubuntu kernel: [    2.327056] pci 0000:00:17.7: BAR 13: can't assign io (size 0x1000)
Sep  7 16:33:58 ubuntu kernel: [    2.327059] pci 0000:00:18.2: BAR 13: can't assign io (size 0x1000)
Sep  7 16:33:58 ubuntu kernel: [    2.327062] pci 0000:00:18.3: BAR 13: can't assign io (size 0x1000)
Sep  7 16:33:58 ubuntu kernel: [    2.327070] pci 0000:00:18.4: BAR 13: can't assign io (size 0x1000)
Sep  7 16:33:58 ubuntu kernel: [    2.327073] pci 0000:00:18.5: BAR 13: can't assign io (size 0x1000)
Sep  7 16:33:58 ubuntu kernel: [    2.327077] pci 0000:00:18.6: BAR 13: can't assign io (size 0x1000)
Sep  7 16:33:58 ubuntu kernel: [    2.327080] pci 0000:00:18.7: BAR 13: can't assign io (size 0x1000)
Sep  7 16:33:58 ubuntu kernel: [    2.327193] pci 0000:00:18.7: BAR 13: can't assign io (size 0x1000)
Sep  7 16:33:58 ubuntu kernel: [    2.327228] pci 0000:00:18.6: BAR 13: can't assign io (size 0x1000)
Sep  7 16:33:58 ubuntu kernel: [    2.327232] pci 0000:00:18.5: BAR 13: can't assign io (size 0x1000)
Sep  7 16:33:58 ubuntu kernel: [    2.327235] pci 0000:00:18.4: BAR 13: can't assign io (size 0x1000)
Sep  7 16:33:58 ubuntu kernel: [    2.327239] pci 0000:00:18.3: BAR 13: can't assign io (size 0x1000)
Sep  7 16:33:58 ubuntu kernel: [    2.327242] pci 0000:00:18.2: BAR 13: can't assign io (size 0x1000)
Sep  7 16:33:58 ubuntu kernel: [    2.327245] pci 0000:00:17.7: BAR 13: can't assign io (size 0x1000)
Sep  7 16:33:58 ubuntu kernel: [    2.327248] pci 0000:00:17.6: BAR 13: can't assign io (size 0x1000)
Sep  7 16:33:58 ubuntu kernel: [    2.327251] pci 0000:00:17.5: BAR 13: can't assign io (size 0x1000)
Sep  7 16:33:58 ubuntu kernel: [    2.327254] pci 0000:00:17.4: BAR 13: can't assign io (size 0x1000)
Sep  7 16:33:58 ubuntu kernel: [    2.327258] pci 0000:00:17.3: BAR 13: can't assign io (size 0x1000)
Sep  7 16:33:58 ubuntu kernel: [    2.327261] pci 0000:00:16.7: BAR 13: can't assign io (size 0x1000)
Sep  7 16:33:58 ubuntu kernel: [    2.327264] pci 0000:00:16.6: BAR 13: can't assign io (size 0x1000)
Sep  7 16:33:58 ubuntu kernel: [    2.327267] pci 0000:00:16.5: BAR 13: can't assign io (size 0x1000)
Sep  7 16:33:58 ubuntu kernel: [    2.327270] pci 0000:00:16.4: BAR 13: can't assign io (size 0x1000)
Sep  7 16:33:58 ubuntu kernel: [    2.327273] pci 0000:00:16.3: BAR 13: can't assign io (size 0x1000)
Sep  7 16:33:58 ubuntu kernel: [    2.327276] pci 0000:00:15.7: BAR 13: can't assign io (size 0x1000)
Sep  7 16:33:58 ubuntu kernel: [    2.327280] pci 0000:00:15.6: BAR 13: can't assign io (size 0x1000)
Sep  7 16:33:58 ubuntu kernel: [    2.327283] pci 0000:00:15.5: BAR 13: can't assign io (size 0x1000)
Sep  7 16:33:58 ubuntu kernel: [    2.327286] pci 0000:00:15.4: BAR 13: can't assign io (size 0x1000)
Sep  7 16:33:58 ubuntu kernel: [    2.327305] pci 0000:00:15.3: BAR 13: can't assign io (size 0x1000)
Sep  7 16:33:58 ubuntu kernel: [    2.327389] pci 0000:00:01.0: PCI bridge to [bus 01]
Sep  7 16:33:58 ubuntu kernel: [    2.327502] pci 0000:02:01.0: BAR 6: assigned [mem 0xe7b00000-0xe7b0ffff pref]
Sep  7 16:33:58 ubuntu kernel: [    2.327507] pci 0000:02:05.0: BAR 6: assigned [mem 0xe7b10000-0xe7b1ffff pref]
Sep  7 16:33:58 ubuntu kernel: [    2.327511] pci 0000:00:11.0: PCI bridge to [bus 02]
Sep  7 16:33:58 ubuntu kernel: [    2.327558] pci 0000:00:11.0:   bridge window [io  0x2000-0x3fff]
Sep  7 16:33:58 ubuntu kernel: [    2.327607] pci 0000:00:11.0:   bridge window [mem 0xfd500000-0xfdffffff]
Sep  7 16:33:58 ubuntu kernel: [    2.327667] pci 0000:00:11.0:   bridge window [mem 0xe7b00000-0xe7ffffff 64bit pref]
Sep  7 16:33:58 ubuntu kernel: [    2.327709] pci 0000:00:15.0: PCI bridge to [bus 03]
Sep  7 16:33:58 ubuntu kernel: [    2.327721] pci 0000:00:15.0:   bridge window [io  0x4000-0x4fff]
Sep  7 16:33:58 ubuntu kernel: [    2.327745] pci 0000:00:15.0:   bridge window [mem 0xfd400000-0xfd4fffff]
Sep  7 16:33:58 ubuntu kernel: [    2.327762] pci 0000:00:15.0:   bridge window [mem 0xe7a00000-0xe7afffff 64bit pref]
Sep  7 16:33:58 ubuntu kernel: [    2.327824] pci 0000:00:15.1: PCI bridge to [bus 04]
Sep  7 16:33:58 ubuntu kernel: [    2.327836] pci 0000:00:15.1:   bridge window [io  0x8000-0x8fff]
Sep  7 16:33:58 ubuntu kernel: [    2.327860] pci 0000:00:15.1:   bridge window [mem 0xfd000000-0xfd0fffff]
Sep  7 16:33:58 ubuntu kernel: [    2.327877] pci 0000:00:15.1:   bridge window [mem 0xe7600000-0xe76fffff 64bit pref]
Sep  7 16:33:58 ubuntu kernel: [    2.327915] pci 0000:00:15.2: PCI bridge to [bus 05]
Sep  7 16:33:58 ubuntu kernel: [    2.327927] pci 0000:00:15.2:   bridge window [io  0xc000-0xcfff]
Sep  7 16:33:58 ubuntu kernel: [    2.327953] pci 0000:00:15.2:   bridge window [mem 0xfcc00000-0xfccfffff]
Sep  7 16:33:58 ubuntu kernel: [    2.327971] pci 0000:00:15.2:   bridge window [mem 0xe7200000-0xe72fffff 64bit pref]
Sep  7 16:33:58 ubuntu kernel: [    2.328009] pci 0000:00:15.3: PCI bridge to [bus 06]
Sep  7 16:33:58 ubuntu kernel: [    2.328033] pci 0000:00:15.3:   bridge window [mem 0xfc800000-0xfc8fffff]
Sep  7 16:33:58 ubuntu kernel: [    2.328051] pci 0000:00:15.3:   bridge window [mem 0xe6e00000-0xe6efffff 64bit pref]
Sep  7 16:33:58 ubuntu kernel: [    2.328088] pci 0000:00:15.4: PCI bridge to [bus 07]
Sep  7 16:33:58 ubuntu kernel: [    2.328112] pci 0000:00:15.4:   bridge window [mem 0xfc400000-0xfc4fffff]
Sep  7 16:33:58 ubuntu kernel: [    2.328129] pci 0000:00:15.4:   bridge window [mem 0xe6a00000-0xe6afffff 64bit pref]
Sep  7 16:33:58 ubuntu kernel: [    2.328166] pci 0000:00:15.5: PCI bridge to [bus 08]
Sep  7 16:33:58 ubuntu kernel: [    2.328200] pci 0000:00:15.5:   bridge window [mem 0xfc000000-0xfc0fffff]
Sep  7 16:33:58 ubuntu kernel: [    2.328218] pci 0000:00:15.5:   bridge window [mem 0xe6600000-0xe66fffff 64bit pref]
Sep  7 16:33:58 ubuntu kernel: [    2.328257] pci 0000:00:15.6: PCI bridge to [bus 09]
Sep  7 16:33:58 ubuntu kernel: [    2.328284] pci 0000:00:15.6:   bridge window [mem 0xfbc00000-0xfbcfffff]
Sep  7 16:33:58 ubuntu kernel: [    2.328322] pci 0000:00:15.6:   bridge window [mem 0xe6200000-0xe62fffff 64bit pref]
Sep  7 16:33:58 ubuntu kernel: [    2.328364] pci 0000:00:15.7: PCI bridge to [bus 0a]
Sep  7 16:33:58 ubuntu kernel: [    2.328392] pci 0000:00:15.7:   bridge window [mem 0xfb800000-0xfb8fffff]
Sep  7 16:33:58 ubuntu kernel: [    2.328424] pci 0000:00:15.7:   bridge window [mem 0xe5e00000-0xe5efffff 64bit pref]
Sep  7 16:33:58 ubuntu kernel: [    2.328485] pci 0000:00:16.0: PCI bridge to [bus 0b]
Sep  7 16:33:58 ubuntu kernel: [    2.328498] pci 0000:00:16.0:   bridge window [io  0x5000-0x5fff]
Sep  7 16:33:58 ubuntu kernel: [    2.328523] pci 0000:00:16.0:   bridge window [mem 0xfd300000-0xfd3fffff]
Sep  7 16:33:58 ubuntu kernel: [    2.328542] pci 0000:00:16.0:   bridge window [mem 0xe7900000-0xe79fffff 64bit pref]
Sep  7 16:33:58 ubuntu kernel: [    2.328582] pci 0000:00:16.1: PCI bridge to [bus 0c]
Sep  7 16:33:58 ubuntu kernel: [    2.328594] pci 0000:00:16.1:   bridge window [io  0x9000-0x9fff]
Sep  7 16:33:58 ubuntu kernel: [    2.328620] pci 0000:00:16.1:   bridge window [mem 0xfcf00000-0xfcffffff]
Sep  7 16:33:58 ubuntu kernel: [    2.328638] pci 0000:00:16.1:   bridge window [mem 0xe7500000-0xe75fffff 64bit pref]
Sep  7 16:33:58 ubuntu kernel: [    2.328679] pci 0000:00:16.2: PCI bridge to [bus 0d]
Sep  7 16:33:58 ubuntu kernel: [    2.328691] pci 0000:00:16.2:   bridge window [io  0xd000-0xdfff]
Sep  7 16:33:58 ubuntu kernel: [    2.328721] pci 0000:00:16.2:   bridge window [mem 0xfcb00000-0xfcbfffff]
Sep  7 16:33:58 ubuntu kernel: [    2.328752] pci 0000:00:16.2:   bridge window [mem 0xe7100000-0xe71fffff 64bit pref]
Sep  7 16:33:58 ubuntu kernel: [    2.328791] pci 0000:00:16.3: PCI bridge to [bus 0e]
Sep  7 16:33:58 ubuntu kernel: [    2.328816] pci 0000:00:16.3:   bridge window [mem 0xfc700000-0xfc7fffff]
Sep  7 16:33:58 ubuntu kernel: [    2.328833] pci 0000:00:16.3:   bridge window [mem 0xe6d00000-0xe6dfffff 64bit pref]
Sep  7 16:33:58 ubuntu kernel: [    2.328870] pci 0000:00:16.4: PCI bridge to [bus 0f]
Sep  7 16:33:58 ubuntu kernel: [    2.328894] pci 0000:00:16.4:   bridge window [mem 0xfc300000-0xfc3fffff]
Sep  7 16:33:58 ubuntu kernel: [    2.328912] pci 0000:00:16.4:   bridge window [mem 0xe6900000-0xe69fffff 64bit pref]
Sep  7 16:33:58 ubuntu kernel: [    2.328949] pci 0000:00:16.5: PCI bridge to [bus 10]
Sep  7 16:33:58 ubuntu kernel: [    2.328977] pci 0000:00:16.5:   bridge window [mem 0xfbf00000-0xfbffffff]
Sep  7 16:33:58 ubuntu kernel: [    2.328994] pci 0000:00:16.5:   bridge window [mem 0xe6500000-0xe65fffff 64bit pref]
Sep  7 16:33:58 ubuntu kernel: [    2.329031] pci 0000:00:16.6: PCI bridge to [bus 11]
Sep  7 16:33:58 ubuntu kernel: [    2.329056] pci 0000:00:16.6:   bridge window [mem 0xfbb00000-0xfbbfffff]
Sep  7 16:33:58 ubuntu kernel: [    2.329073] pci 0000:00:16.6:   bridge window [mem 0xe6100000-0xe61fffff 64bit pref]
Sep  7 16:33:58 ubuntu kernel: [    2.329110] pci 0000:00:16.7: PCI bridge to [bus 12]
Sep  7 16:33:58 ubuntu kernel: [    2.329135] pci 0000:00:16.7:   bridge window [mem 0xfb700000-0xfb7fffff]
Sep  7 16:33:58 ubuntu kernel: [    2.329152] pci 0000:00:16.7:   bridge window [mem 0xe5d00000-0xe5dfffff 64bit pref]
Sep  7 16:33:58 ubuntu kernel: [    2.329200] pci 0000:00:17.0: PCI bridge to [bus 13]
Sep  7 16:33:58 ubuntu kernel: [    2.329211] pci 0000:00:17.0:   bridge window [io  0x6000-0x6fff]
Sep  7 16:33:58 ubuntu kernel: [    2.329235] pci 0000:00:17.0:   bridge window [mem 0xfd200000-0xfd2fffff]
Sep  7 16:33:58 ubuntu kernel: [    2.329252] pci 0000:00:17.0:   bridge window [mem 0xe7800000-0xe78fffff 64bit pref]
Sep  7 16:33:58 ubuntu kernel: [    2.329290] pci 0000:00:17.1: PCI bridge to [bus 14]
Sep  7 16:33:58 ubuntu kernel: [    2.329301] pci 0000:00:17.1:   bridge window [io  0xa000-0xafff]
Sep  7 16:33:58 ubuntu kernel: [    2.329325] pci 0000:00:17.1:   bridge window [mem 0xfce00000-0xfcefffff]
Sep  7 16:33:58 ubuntu kernel: [    2.329342] pci 0000:00:17.1:   bridge window [mem 0xe7400000-0xe74fffff 64bit pref]
Sep  7 16:33:58 ubuntu kernel: [    2.329379] pci 0000:00:17.2: PCI bridge to [bus 15]
Sep  7 16:33:58 ubuntu kernel: [    2.329390] pci 0000:00:17.2:   bridge window [io  0xe000-0xefff]
Sep  7 16:33:58 ubuntu kernel: [    2.329414] pci 0000:00:17.2:   bridge window [mem 0xfca00000-0xfcafffff]
Sep  7 16:33:58 ubuntu kernel: [    2.329431] pci 0000:00:17.2:   bridge window [mem 0xe7000000-0xe70fffff 64bit pref]
Sep  7 16:33:58 ubuntu kernel: [    2.329468] pci 0000:00:17.3: PCI bridge to [bus 16]
Sep  7 16:33:58 ubuntu kernel: [    2.329492] pci 0000:00:17.3:   bridge window [mem 0xfc600000-0xfc6fffff]
Sep  7 16:33:58 ubuntu kernel: [    2.329509] pci 0000:00:17.3:   bridge window [mem 0xe6c00000-0xe6cfffff 64bit pref]
Sep  7 16:33:58 ubuntu kernel: [    2.329546] pci 0000:00:17.4: PCI bridge to [bus 17]
Sep  7 16:33:58 ubuntu kernel: [    2.329571] pci 0000:00:17.4:   bridge window [mem 0xfc200000-0xfc2fffff]
Sep  7 16:33:58 ubuntu kernel: [    2.329588] pci 0000:00:17.4:   bridge window [mem 0xe6800000-0xe68fffff 64bit pref]
Sep  7 16:33:58 ubuntu kernel: [    2.329625] pci 0000:00:17.5: PCI bridge to [bus 18]
Sep  7 16:33:58 ubuntu kernel: [    2.329650] pci 0000:00:17.5:   bridge window [mem 0xfbe00000-0xfbefffff]
Sep  7 16:33:58 ubuntu kernel: [    2.329667] pci 0000:00:17.5:   bridge window [mem 0xe6400000-0xe64fffff 64bit pref]
Sep  7 16:33:58 ubuntu kernel: [    2.329704] pci 0000:00:17.6: PCI bridge to [bus 19]
Sep  7 16:33:58 ubuntu kernel: [    2.329728] pci 0000:00:17.6:   bridge window [mem 0xfba00000-0xfbafffff]
Sep  7 16:33:58 ubuntu kernel: [    2.329745] pci 0000:00:17.6:   bridge window [mem 0xe6000000-0xe60fffff 64bit pref]
Sep  7 16:33:58 ubuntu kernel: [    2.329782] pci 0000:00:17.7: PCI bridge to [bus 1a]
Sep  7 16:33:58 ubuntu kernel: [    2.329813] pci 0000:00:17.7:   bridge window [mem 0xfb600000-0xfb6fffff]
Sep  7 16:33:58 ubuntu kernel: [    2.329836] pci 0000:00:17.7:   bridge window [mem 0xe5c00000-0xe5cfffff 64bit pref]
Sep  7 16:33:58 ubuntu kernel: [    2.329895] pci 0000:00:18.0: PCI bridge to [bus 1b]
Sep  7 16:33:58 ubuntu kernel: [    2.329914] pci 0000:00:18.0:   bridge window [io  0x7000-0x7fff]
Sep  7 16:33:58 ubuntu kernel: [    2.329949] pci 0000:00:18.0:   bridge window [mem 0xfd100000-0xfd1fffff]
Sep  7 16:33:58 ubuntu kernel: [    2.329967] pci 0000:00:18.0:   bridge window [mem 0xe7700000-0xe77fffff 64bit pref]
Sep  7 16:33:58 ubuntu kernel: [    2.330011] pci 0000:00:18.1: PCI bridge to [bus 1c]
Sep  7 16:33:58 ubuntu kernel: [    2.330023] pci 0000:00:18.1:   bridge window [io  0xb000-0xbfff]
Sep  7 16:33:58 ubuntu kernel: [    2.330051] pci 0000:00:18.1:   bridge window [mem 0xfcd00000-0xfcdfffff]
Sep  7 16:33:58 ubuntu kernel: [    2.330076] pci 0000:00:18.1:   bridge window [mem 0xe7300000-0xe73fffff 64bit pref]
Sep  7 16:33:58 ubuntu kernel: [    2.330122] pci 0000:00:18.2: PCI bridge to [bus 1d]
Sep  7 16:33:58 ubuntu kernel: [    2.330149] pci 0000:00:18.2:   bridge window [mem 0xfc900000-0xfc9fffff]
Sep  7 16:33:58 ubuntu kernel: [    2.330168] pci 0000:00:18.2:   bridge window [mem 0xe6f00000-0xe6ffffff 64bit pref]
Sep  7 16:33:58 ubuntu kernel: [    2.330208] pci 0000:00:18.3: PCI bridge to [bus 1e]
Sep  7 16:33:58 ubuntu kernel: [    2.330234] pci 0000:00:18.3:   bridge window [mem 0xfc500000-0xfc5fffff]
Sep  7 16:33:58 ubuntu kernel: [    2.330253] pci 0000:00:18.3:   bridge window [mem 0xe6b00000-0xe6bfffff 64bit pref]
Sep  7 16:33:58 ubuntu kernel: [    2.330293] pci 0000:00:18.4: PCI bridge to [bus 1f]
Sep  7 16:33:58 ubuntu kernel: [    2.330319] pci 0000:00:18.4:   bridge window [mem 0xfc100000-0xfc1fffff]
Sep  7 16:33:58 ubuntu kernel: [    2.330338] pci 0000:00:18.4:   bridge window [mem 0xe6700000-0xe67fffff 64bit pref]
Sep  7 16:33:58 ubuntu kernel: [    2.330377] pci 0000:00:18.5: PCI bridge to [bus 20]
Sep  7 16:33:58 ubuntu kernel: [    2.330403] pci 0000:00:18.5:   bridge window [mem 0xfbd00000-0xfbdfffff]
Sep  7 16:33:58 ubuntu kernel: [    2.330422] pci 0000:00:18.5:   bridge window [mem 0xe6300000-0xe63fffff 64bit pref]
Sep  7 16:33:58 ubuntu kernel: [    2.330462] pci 0000:00:18.6: PCI bridge to [bus 21]
Sep  7 16:33:58 ubuntu kernel: [    2.330488] pci 0000:00:18.6:   bridge window [mem 0xfb900000-0xfb9fffff]
Sep  7 16:33:58 ubuntu kernel: [    2.330507] pci 0000:00:18.6:   bridge window [mem 0xe5f00000-0xe5ffffff 64bit pref]
Sep  7 16:33:58 ubuntu kernel: [    2.330546] pci 0000:00:18.7: PCI bridge to [bus 22]
Sep  7 16:33:58 ubuntu kernel: [    2.330618] pci 0000:00:18.7:   bridge window [mem 0xfb500000-0xfb5fffff]
Sep  7 16:33:58 ubuntu kernel: [    2.330639] pci 0000:00:18.7:   bridge window [mem 0xe5b00000-0xe5bfffff 64bit pref]
Sep  7 16:33:58 ubuntu kernel: [    2.330752] pci_bus 0000:00: resource 4 [mem 0x000a0000-0x000bffff]
Sep  7 16:33:58 ubuntu kernel: [    2.330760] pci_bus 0000:00: resource 5 [mem 0x000d0000-0x000d3fff]
Sep  7 16:33:58 ubuntu kernel: [    2.330762] pci_bus 0000:00: resource 6 [mem 0x000d4000-0x000d7fff]
Sep  7 16:33:58 ubuntu kernel: [    2.330765] pci_bus 0000:00: resource 7 [mem 0x000d8000-0x000dbfff]
Sep  7 16:33:58 ubuntu kernel: [    2.330767] pci_bus 0000:00: resource 8 [mem 0xc0000000-0xfebfffff]
Sep  7 16:33:58 ubuntu kernel: [    2.330769] pci_bus 0000:00: resource 9 [io  0x0000-0x0cf7]
Sep  7 16:33:58 ubuntu kernel: [    2.330772] pci_bus 0000:00: resource 10 [io  0x0d00-0xfeff]
Sep  7 16:33:58 ubuntu kernel: [    2.330799] pci_bus 0000:02: resource 0 [io  0x2000-0x3fff]
Sep  7 16:33:58 ubuntu kernel: [    2.330802] pci_bus 0000:02: resource 1 [mem 0xfd500000-0xfdffffff]
Sep  7 16:33:58 ubuntu kernel: [    2.330805] pci_bus 0000:02: resource 2 [mem 0xe7b00000-0xe7ffffff 64bit pref]
Sep  7 16:33:58 ubuntu kernel: [    2.330807] pci_bus 0000:02: resource 4 [mem 0x000a0000-0x000bffff]
Sep  7 16:33:58 ubuntu kernel: [    2.330813] pci_bus 0000:02: resource 5 [mem 0x000d0000-0x000d3fff]
Sep  7 16:33:58 ubuntu kernel: [    2.330815] pci_bus 0000:02: resource 6 [mem 0x000d4000-0x000d7fff]
Sep  7 16:33:58 ubuntu kernel: [    2.330817] pci_bus 0000:02: resource 7 [mem 0x000d8000-0x000dbfff]
Sep  7 16:33:58 ubuntu kernel: [    2.330820] pci_bus 0000:02: resource 8 [mem 0xc0000000-0xfebfffff]
Sep  7 16:33:58 ubuntu kernel: [    2.330822] pci_bus 0000:02: resource 9 [io  0x0000-0x0cf7]
Sep  7 16:33:58 ubuntu kernel: [    2.330824] pci_bus 0000:02: resource 10 [io  0x0d00-0xfeff]
Sep  7 16:33:58 ubuntu kernel: [    2.330828] pci_bus 0000:03: resource 0 [io  0x4000-0x4fff]
Sep  7 16:33:58 ubuntu kernel: [    2.330831] pci_bus 0000:03: resource 1 [mem 0xfd400000-0xfd4fffff]
Sep  7 16:33:58 ubuntu kernel: [    2.330833] pci_bus 0000:03: resource 2 [mem 0xe7a00000-0xe7afffff 64bit pref]
Sep  7 16:33:58 ubuntu kernel: [    2.330836] pci_bus 0000:04: resource 0 [io  0x8000-0x8fff]
Sep  7 16:33:58 ubuntu kernel: [    2.330838] pci_bus 0000:04: resource 1 [mem 0xfd000000-0xfd0fffff]
Sep  7 16:33:58 ubuntu kernel: [    2.330840] pci_bus 0000:04: resource 2 [mem 0xe7600000-0xe76fffff 64bit pref]
Sep  7 16:33:58 ubuntu kernel: [    2.330843] pci_bus 0000:05: resource 0 [io  0xc000-0xcfff]
Sep  7 16:33:58 ubuntu kernel: [    2.330845] pci_bus 0000:05: resource 1 [mem 0xfcc00000-0xfccfffff]
Sep  7 16:33:58 ubuntu kernel: [    2.330848] pci_bus 0000:05: resource 2 [mem 0xe7200000-0xe72fffff 64bit pref]
Sep  7 16:33:58 ubuntu kernel: [    2.330850] pci_bus 0000:06: resource 1 [mem 0xfc800000-0xfc8fffff]
Sep  7 16:33:58 ubuntu kernel: [    2.330852] pci_bus 0000:06: resource 2 [mem 0xe6e00000-0xe6efffff 64bit pref]
Sep  7 16:33:58 ubuntu kernel: [    2.330855] pci_bus 0000:07: resource 1 [mem 0xfc400000-0xfc4fffff]
Sep  7 16:33:58 ubuntu kernel: [    2.330857] pci_bus 0000:07: resource 2 [mem 0xe6a00000-0xe6afffff 64bit pref]
Sep  7 16:33:58 ubuntu kernel: [    2.330859] pci_bus 0000:08: resource 1 [mem 0xfc000000-0xfc0fffff]
Sep  7 16:33:58 ubuntu kernel: [    2.330862] pci_bus 0000:08: resource 2 [mem 0xe6600000-0xe66fffff 64bit pref]
Sep  7 16:33:58 ubuntu kernel: [    2.330864] pci_bus 0000:09: resource 1 [mem 0xfbc00000-0xfbcfffff]
Sep  7 16:33:58 ubuntu kernel: [    2.330866] pci_bus 0000:09: resource 2 [mem 0xe6200000-0xe62fffff 64bit pref]
Sep  7 16:33:58 ubuntu kernel: [    2.330869] pci_bus 0000:0a: resource 1 [mem 0xfb800000-0xfb8fffff]
Sep  7 16:33:58 ubuntu kernel: [    2.330871] pci_bus 0000:0a: resource 2 [mem 0xe5e00000-0xe5efffff 64bit pref]
Sep  7 16:33:58 ubuntu kernel: [    2.330874] pci_bus 0000:0b: resource 0 [io  0x5000-0x5fff]
Sep  7 16:33:58 ubuntu kernel: [    2.330876] pci_bus 0000:0b: resource 1 [mem 0xfd300000-0xfd3fffff]
Sep  7 16:33:58 ubuntu kernel: [    2.330878] pci_bus 0000:0b: resource 2 [mem 0xe7900000-0xe79fffff 64bit pref]
Sep  7 16:33:58 ubuntu kernel: [    2.330880] pci_bus 0000:0c: resource 0 [io  0x9000-0x9fff]
Sep  7 16:33:58 ubuntu kernel: [    2.330883] pci_bus 0000:0c: resource 1 [mem 0xfcf00000-0xfcffffff]
Sep  7 16:33:58 ubuntu kernel: [    2.330885] pci_bus 0000:0c: resource 2 [mem 0xe7500000-0xe75fffff 64bit pref]
Sep  7 16:33:58 ubuntu kernel: [    2.330887] pci_bus 0000:0d: resource 0 [io  0xd000-0xdfff]
Sep  7 16:33:58 ubuntu kernel: [    2.330889] pci_bus 0000:0d: resource 1 [mem 0xfcb00000-0xfcbfffff]
Sep  7 16:33:58 ubuntu kernel: [    2.330892] pci_bus 0000:0d: resource 2 [mem 0xe7100000-0xe71fffff 64bit pref]
Sep  7 16:33:58 ubuntu kernel: [    2.330894] pci_bus 0000:0e: resource 1 [mem 0xfc700000-0xfc7fffff]
Sep  7 16:33:58 ubuntu kernel: [    2.330896] pci_bus 0000:0e: resource 2 [mem 0xe6d00000-0xe6dfffff 64bit pref]
Sep  7 16:33:58 ubuntu kernel: [    2.330901] pci_bus 0000:0f: resource 1 [mem 0xfc300000-0xfc3fffff]
Sep  7 16:33:58 ubuntu kernel: [    2.330903] pci_bus 0000:0f: resource 2 [mem 0xe6900000-0xe69fffff 64bit pref]
Sep  7 16:33:58 ubuntu kernel: [    2.330906] pci_bus 0000:10: resource 1 [mem 0xfbf00000-0xfbffffff]
Sep  7 16:33:58 ubuntu kernel: [    2.330908] pci_bus 0000:10: resource 2 [mem 0xe6500000-0xe65fffff 64bit pref]
Sep  7 16:33:58 ubuntu kernel: [    2.330910] pci_bus 0000:11: resource 1 [mem 0xfbb00000-0xfbbfffff]
Sep  7 16:33:58 ubuntu kernel: [    2.330913] pci_bus 0000:11: resource 2 [mem 0xe6100000-0xe61fffff 64bit pref]
Sep  7 16:33:58 ubuntu kernel: [    2.330915] pci_bus 0000:12: resource 1 [mem 0xfb700000-0xfb7fffff]
Sep  7 16:33:58 ubuntu kernel: [    2.330917] pci_bus 0000:12: resource 2 [mem 0xe5d00000-0xe5dfffff 64bit pref]
Sep  7 16:33:58 ubuntu kernel: [    2.330920] pci_bus 0000:13: resource 0 [io  0x6000-0x6fff]
Sep  7 16:33:58 ubuntu kernel: [    2.330922] pci_bus 0000:13: resource 1 [mem 0xfd200000-0xfd2fffff]
Sep  7 16:33:58 ubuntu kernel: [    2.330924] pci_bus 0000:13: resource 2 [mem 0xe7800000-0xe78fffff 64bit pref]
Sep  7 16:33:58 ubuntu kernel: [    2.330927] pci_bus 0000:14: resource 0 [io  0xa000-0xafff]
Sep  7 16:33:58 ubuntu kernel: [    2.330929] pci_bus 0000:14: resource 1 [mem 0xfce00000-0xfcefffff]
Sep  7 16:33:58 ubuntu kernel: [    2.330931] pci_bus 0000:14: resource 2 [mem 0xe7400000-0xe74fffff 64bit pref]
Sep  7 16:33:58 ubuntu kernel: [    2.330933] pci_bus 0000:15: resource 0 [io  0xe000-0xefff]
Sep  7 16:33:58 ubuntu kernel: [    2.330936] pci_bus 0000:15: resource 1 [mem 0xfca00000-0xfcafffff]
Sep  7 16:33:58 ubuntu kernel: [    2.330938] pci_bus 0000:15: resource 2 [mem 0xe7000000-0xe70fffff 64bit pref]
Sep  7 16:33:58 ubuntu kernel: [    2.330940] pci_bus 0000:16: resource 1 [mem 0xfc600000-0xfc6fffff]
Sep  7 16:33:58 ubuntu kernel: [    2.330942] pci_bus 0000:16: resource 2 [mem 0xe6c00000-0xe6cfffff 64bit pref]
Sep  7 16:33:58 ubuntu kernel: [    2.330945] pci_bus 0000:17: resource 1 [mem 0xfc200000-0xfc2fffff]
Sep  7 16:33:58 ubuntu kernel: [    2.330947] pci_bus 0000:17: resource 2 [mem 0xe6800000-0xe68fffff 64bit pref]
Sep  7 16:33:58 ubuntu kernel: [    2.330949] pci_bus 0000:18: resource 1 [mem 0xfbe00000-0xfbefffff]
Sep  7 16:33:58 ubuntu kernel: [    2.330951] pci_bus 0000:18: resource 2 [mem 0xe6400000-0xe64fffff 64bit pref]
Sep  7 16:33:58 ubuntu kernel: [    2.330954] pci_bus 0000:19: resource 1 [mem 0xfba00000-0xfbafffff]
Sep  7 16:33:58 ubuntu kernel: [    2.330956] pci_bus 0000:19: resource 2 [mem 0xe6000000-0xe60fffff 64bit pref]
Sep  7 16:33:58 ubuntu kernel: [    2.330958] pci_bus 0000:1a: resource 1 [mem 0xfb600000-0xfb6fffff]
Sep  7 16:33:58 ubuntu kernel: [    2.330961] pci_bus 0000:1a: resource 2 [mem 0xe5c00000-0xe5cfffff 64bit pref]
Sep  7 16:33:58 ubuntu kernel: [    2.330963] pci_bus 0000:1b: resource 0 [io  0x7000-0x7fff]
Sep  7 16:33:58 ubuntu kernel: [    2.330965] pci_bus 0000:1b: resource 1 [mem 0xfd100000-0xfd1fffff]
Sep  7 16:33:58 ubuntu kernel: [    2.330967] pci_bus 0000:1b: resource 2 [mem 0xe7700000-0xe77fffff 64bit pref]
Sep  7 16:33:58 ubuntu kernel: [    2.330970] pci_bus 0000:1c: resource 0 [io  0xb000-0xbfff]
Sep  7 16:33:58 ubuntu kernel: [    2.330972] pci_bus 0000:1c: resource 1 [mem 0xfcd00000-0xfcdfffff]
Sep  7 16:33:58 ubuntu kernel: [    2.330974] pci_bus 0000:1c: resource 2 [mem 0xe7300000-0xe73fffff 64bit pref]
Sep  7 16:33:58 ubuntu kernel: [    2.330976] pci_bus 0000:1d: resource 1 [mem 0xfc900000-0xfc9fffff]
Sep  7 16:33:58 ubuntu kernel: [    2.330979] pci_bus 0000:1d: resource 2 [mem 0xe6f00000-0xe6ffffff 64bit pref]
Sep  7 16:33:58 ubuntu kernel: [    2.330981] pci_bus 0000:1e: resource 1 [mem 0xfc500000-0xfc5fffff]
Sep  7 16:33:58 ubuntu kernel: [    2.330984] pci_bus 0000:1e: resource 2 [mem 0xe6b00000-0xe6bfffff 64bit pref]
Sep  7 16:33:58 ubuntu kernel: [    2.330987] pci_bus 0000:1f: resource 1 [mem 0xfc100000-0xfc1fffff]
Sep  7 16:33:58 ubuntu kernel: [    2.330989] pci_bus 0000:1f: resource 2 [mem 0xe6700000-0xe67fffff 64bit pref]
Sep  7 16:33:58 ubuntu kernel: [    2.330992] pci_bus 0000:20: resource 1 [mem 0xfbd00000-0xfbdfffff]
Sep  7 16:33:58 ubuntu kernel: [    2.330994] pci_bus 0000:20: resource 2 [mem 0xe6300000-0xe63fffff 64bit pref]
Sep  7 16:33:58 ubuntu kernel: [    2.330996] pci_bus 0000:21: resource 1 [mem 0xfb900000-0xfb9fffff]
Sep  7 16:33:58 ubuntu kernel: [    2.330999] pci_bus 0000:21: resource 2 [mem 0xe5f00000-0xe5ffffff 64bit pref]
Sep  7 16:33:58 ubuntu kernel: [    2.331001] pci_bus 0000:22: resource 1 [mem 0xfb500000-0xfb5fffff]
Sep  7 16:33:58 ubuntu kernel: [    2.331003] pci_bus 0000:22: resource 2 [mem 0xe5b00000-0xe5bfffff 64bit pref]
Sep  7 16:33:58 ubuntu kernel: [    2.331117] NET: Registered protocol family 2
Sep  7 16:33:58 ubuntu kernel: [    2.331524] TCP established hash table entries: 8192 (order: 3, 32768 bytes)
Sep  7 16:33:58 ubuntu kernel: [    2.331621] TCP bind hash table entries: 8192 (order: 4, 65536 bytes)
Sep  7 16:33:58 ubuntu kernel: [    2.331734] TCP: Hash tables configured (established 8192 bind 8192)
Sep  7 16:33:58 ubuntu kernel: [    2.331847] TCP: reno registered
Sep  7 16:33:58 ubuntu kernel: [    2.331944] UDP hash table entries: 512 (order: 2, 16384 bytes)
Sep  7 16:33:58 ubuntu kernel: [    2.332025] UDP-Lite hash table entries: 512 (order: 2, 16384 bytes)
Sep  7 16:33:58 ubuntu kernel: [    2.332138] NET: Registered protocol family 1
Sep  7 16:33:58 ubuntu kernel: [    2.332252] pci 0000:00:00.0: Limiting direct PCI/PCI transfers
Sep  7 16:33:58 ubuntu kernel: [    2.332365] pci 0000:00:0f.0: Boot video device
Sep  7 16:33:58 ubuntu kernel: [    2.335168] PCI: CLS 32 bytes, default 64
Sep  7 16:33:58 ubuntu kernel: [    2.338828] Trying to unpack rootfs image as initramfs...
Sep  7 16:33:58 ubuntu kernel: [    2.715132] Freeing initrd memory: 18080K (f5ca0000 - f6e48000)
Sep  7 16:33:58 ubuntu kernel: [    2.715344] Simple Boot Flag at 0x36 set to 0x1
Sep  7 16:33:58 ubuntu kernel: [    2.715524] Switched to clocksource tsc
Sep  7 16:33:58 ubuntu kernel: [    2.715637] microcode: CPU0 sig=0x206a7, pf=0x1, revision=0x25
Sep  7 16:33:58 ubuntu kernel: [    2.715961] microcode: Microcode Update Driver: v2.00 <tigran@aivazian.fsnet.co.uk>, Peter Oruba
Sep  7 16:33:58 ubuntu kernel: [    2.716010] Scanning for low memory corruption every 60 seconds
Sep  7 16:33:58 ubuntu kernel: [    2.716916] Initialise system trusted keyring
Sep  7 16:33:58 ubuntu kernel: [    2.717029] audit: initializing netlink socket (disabled)
Sep  7 16:33:58 ubuntu kernel: [    2.717143] type=2000 audit(1410132835.828:1): initialized
Sep  7 16:33:58 ubuntu kernel: [    2.732044] bounce pool size: 64 pages
Sep  7 16:33:58 ubuntu kernel: [    2.732157] HugeTLB registered 2 MB page size, pre-allocated 0 pages
Sep  7 16:33:58 ubuntu kernel: [    2.732826] zbud: loaded
Sep  7 16:33:58 ubuntu kernel: [    2.733126] VFS: Disk quotas dquot_6.5.2
Sep  7 16:33:58 ubuntu kernel: [    2.733239] Dquot-cache hash table entries: 1024 (order 0, 4096 bytes)
Sep  7 16:33:58 ubuntu kernel: [    2.735763] fuse init (API version 7.22)
Sep  7 16:33:58 ubuntu kernel: [    2.735999] msgmni has been set to 1736
Sep  7 16:33:58 ubuntu kernel: [    2.736112] Key type big_key registered
Sep  7 16:33:58 ubuntu kernel: [    2.737166] Key type asymmetric registered
Sep  7 16:33:58 ubuntu kernel: [    2.737207] Asymmetric key parser 'x509' registered
Sep  7 16:33:58 ubuntu kernel: [    2.737321] Block layer SCSI generic (bsg) driver version 0.4 loaded (major 252)
Sep  7 16:33:58 ubuntu kernel: [    2.737488] io scheduler noop registered
Sep  7 16:33:58 ubuntu kernel: [    2.737529] io scheduler deadline registered (default)
Sep  7 16:33:58 ubuntu kernel: [    2.737642] io scheduler cfq registered
Sep  7 16:33:58 ubuntu kernel: [    2.739284] pcieport 0000:00:15.0: irq 40 for MSI/MSI-X
Sep  7 16:33:58 ubuntu kernel: [    2.739398] pcieport 0000:00:15.1: irq 41 for MSI/MSI-X
Sep  7 16:33:58 ubuntu kernel: [    2.739511] pcieport 0000:00:15.2: irq 42 for MSI/MSI-X
Sep  7 16:33:58 ubuntu kernel: [    2.739624] pcieport 0000:00:15.3: irq 43 for MSI/MSI-X
Sep  7 16:33:58 ubuntu kernel: [    2.739738] pcieport 0000:00:15.4: irq 44 for MSI/MSI-X
Sep  7 16:33:58 ubuntu kernel: [    2.739851] pcieport 0000:00:15.5: irq 45 for MSI/MSI-X
Sep  7 16:33:58 ubuntu kernel: [    2.739965] pcieport 0000:00:15.6: irq 46 for MSI/MSI-X
Sep  7 16:33:58 ubuntu kernel: [    2.740078] pcieport 0000:00:15.7: irq 47 for MSI/MSI-X
Sep  7 16:33:58 ubuntu kernel: [    2.740191] pcieport 0000:00:16.0: irq 48 for MSI/MSI-X
Sep  7 16:33:58 ubuntu kernel: [    2.740305] pcieport 0000:00:16.1: irq 49 for MSI/MSI-X
Sep  7 16:33:58 ubuntu kernel: [    2.740418] pcieport 0000:00:16.2: irq 50 for MSI/MSI-X
Sep  7 16:33:58 ubuntu kernel: [    2.740531] pcieport 0000:00:16.3: irq 51 for MSI/MSI-X
Sep  7 16:33:58 ubuntu kernel: [    2.740645] pcieport 0000:00:16.4: irq 52 for MSI/MSI-X
Sep  7 16:33:58 ubuntu kernel: [    2.740758] pcieport 0000:00:16.5: irq 53 for MSI/MSI-X
Sep  7 16:33:58 ubuntu kernel: [    2.740871] pcieport 0000:00:16.6: irq 54 for MSI/MSI-X
Sep  7 16:33:58 ubuntu kernel: [    2.740985] pcieport 0000:00:16.7: irq 55 for MSI/MSI-X
Sep  7 16:33:58 ubuntu kernel: [    2.741098] pcieport 0000:00:17.0: irq 56 for MSI/MSI-X
Sep  7 16:33:58 ubuntu kernel: [    2.741211] pcieport 0000:00:17.1: irq 57 for MSI/MSI-X
Sep  7 16:33:58 ubuntu kernel: [    2.741325] pcieport 0000:00:17.2: irq 58 for MSI/MSI-X
Sep  7 16:33:58 ubuntu kernel: [    2.741438] pcieport 0000:00:17.3: irq 59 for MSI/MSI-X
Sep  7 16:33:58 ubuntu kernel: [    2.741551] pcieport 0000:00:17.4: irq 60 for MSI/MSI-X
Sep  7 16:33:58 ubuntu kernel: [    2.741665] pcieport 0000:00:17.5: irq 61 for MSI/MSI-X
Sep  7 16:33:58 ubuntu kernel: [    2.741778] pcieport 0000:00:17.6: irq 62 for MSI/MSI-X
Sep  7 16:33:58 ubuntu kernel: [    2.741891] pcieport 0000:00:17.7: irq 63 for MSI/MSI-X
Sep  7 16:33:58 ubuntu kernel: [    2.742005] pcieport 0000:00:18.0: irq 64 for MSI/MSI-X
Sep  7 16:33:58 ubuntu kernel: [    2.742118] pcieport 0000:00:18.1: irq 65 for MSI/MSI-X
Sep  7 16:33:58 ubuntu kernel: [    2.742232] pcieport 0000:00:18.2: irq 66 for MSI/MSI-X
Sep  7 16:33:58 ubuntu kernel: [    2.742345] pcieport 0000:00:18.3: irq 67 for MSI/MSI-X
Sep  7 16:33:58 ubuntu kernel: [    2.742458] pcieport 0000:00:18.4: irq 68 for MSI/MSI-X
Sep  7 16:33:58 ubuntu kernel: [    2.742572] pcieport 0000:00:18.5: irq 69 for MSI/MSI-X
Sep  7 16:33:58 ubuntu kernel: [    2.743193] pcieport 0000:00:18.6: irq 70 for MSI/MSI-X
Sep  7 16:33:58 ubuntu kernel: [    2.743306] pcieport 0000:00:18.7: irq 71 for MSI/MSI-X
Sep  7 16:33:58 ubuntu kernel: [    2.743419] pcieport 0000:00:15.0: Signaling PME through PCIe PME interrupt
Sep  7 16:33:58 ubuntu kernel: [    2.743506] pcie_pme 0000:00:15.0:pcie01: service driver pcie_pme loaded
Sep  7 16:33:58 ubuntu kernel: [    2.743616] pcieport 0000:00:15.1: Signaling PME through PCIe PME interrupt
Sep  7 16:33:58 ubuntu kernel: [    2.743636] pcie_pme 0000:00:15.1:pcie01: service driver pcie_pme loaded
